 TransShiftMex

 Timestamp is 513fd513 (Tue Mar 12 21:23:31 2013)

 Preferred load address is 0000000180000000

 Start         Length     Name                   Class
 0001:00000000 0002e8b4H .text                   CODE
 0001:0002e8c0 0000350fH .text$x                 CODE
 0001:00031dd0 00001056H .text$yc                CODE
 0001:00032e30 00001073H .text$yd                CODE
 0002:00000000 00000109H .CRT$XCA                DATA
 0002:00000110 00000109H .CRT$XCL                DATA
 0002:00000220 00000109H .CRT$XCU                DATA
 0002:00000330 00000109H .CRT$XCZ                DATA
 0002:00000440 00000109H .CRT$XIA                DATA
 0002:00000550 00000109H .CRT$XIAA               DATA
 0002:00000660 00000109H .CRT$XIZ                DATA
 0002:00000770 00006551H .rdata                  DATA
 0002:00006cc4 00000175H .rdata$debug            DATA
 0002:00006e40 00000a79H .rdata$r                DATA
 0002:000078c0 00000109H .rtc$IAA                DATA
 0002:000079d0 0000012dH .rtc$IMZ                DATA
 0002:00007b00 00000109H .rtc$IZZ                DATA
 0002:00007c10 00000109H .rtc$TAA                DATA
 0002:00007d20 0000012dH .rtc$TMZ                DATA
 0002:00007e50 00000109H .rtc$TZZ                DATA
 0002:00007f60 00004089H .xdata                  DATA
 0002:0000bff0 00000266H .xdata$x                DATA
 0002:0000c260 00000163H .edata                  DATA
 0003:00000000 00000ab5H .data                   DATA
 0003:00000ac0 07789ab0H .bss                    DATA
 0004:00000000 000021b4H .pdata                  DATA
 0005:00000000 000000a0H .idata$2                DATA
 0005:000000a0 00000014H .idata$3                DATA
 0005:000000b8 000009e0H .idata$4                DATA
 0005:00000a98 000009e0H .idata$5                DATA
 0005:00001478 00001a9cH .idata$6                DATA
 0006:00000000 00000169H .rsrc$01                DATA
 0006:00000170 000002e9H .rsrc$02                DATA

  Address         Publics by Value              Rva+Base               Lib:Object

 0000:00000000       ___safe_se_handler_table   0000000000000000     <absolute>
 0000:00000000       ___safe_se_handler_count   0000000000000000     <absolute>
 0000:00000000       __ImageBase                0000000180000000     <linker-defined>
 0001:00000680       ?DSPF_dp_blk_move@@YAXPEBNPEANH@Z 0000000180001680 f   DSPF.obj
 0001:000006f0       ?DSPF_dp_vecsum_sq@@YANPEBNH@Z 00000001800016f0 f   DSPF.obj
 0001:00000790       ?DSPF_dp_fir_gen@@YAXPEBN0PEANHH@Z 0000000180001790 f   DSPF.obj
 0001:00000870       ?DSPF_dp_biquad@@YAXPEAN0000H@Z 0000000180001870 f   DSPF.obj
 0001:00000a00       ?DSPF_dp_maxval@@YANPEBNH@Z 0000000180001a00 f   DSPF.obj
 0001:00000a90       ?DSPF_dp_vecmul@@YAXPEBN0PEANH@Z 0000000180001a90 f   DSPF.obj
 0001:00000b10       ?DSPF_dp_autocor@@YAXPEAN0HH@Z 0000000180001b10 f   DSPF.obj
 0001:00000d50       mexFunction                0000000180001d50 f   mexLibrary.obj
 0001:00001e70       ??_D?$basic_ofstream@DU?$char_traits@D@std@@@std@@QEAAXXZ 0000000180002e70 f i mexLibrary.obj
 0001:00001ed0       ??_D?$basic_fstream@DU?$char_traits@D@std@@@std@@QEAAXXZ 0000000180002ed0 f i mexLibrary.obj
 0001:00001f30       ?c_str@?$basic_string@DU?$char_traits@D@std@@V?$allocator@D@2@@std@@QEBAPEBDXZ 0000000180002f30 f i mexLibrary.obj
 0001:00001f70       ?size@?$vector@UAudioDeviceInfo@@V?$allocator@UAudioDeviceInfo@@@std@@@std@@QEBA_KXZ 0000000180002f70 f i mexLibrary.obj
 0001:00001fa0       ??A?$vector@UAudioDeviceInfo@@V?$allocator@UAudioDeviceInfo@@@std@@@std@@QEAAAEAUAudioDeviceInfo@@_K@Z 0000000180002fa0 f i mexLibrary.obj
 0001:000020b0       ??0?$basic_ofstream@DU?$char_traits@D@std@@@std@@QEAA@PEBDHH@Z 00000001800030b0 f i mexLibrary.obj
 0001:00002220       ??1?$basic_ofstream@DU?$char_traits@D@std@@@std@@UEAA@XZ 0000000180003220 f i mexLibrary.obj
 0001:000022c0       ?close@?$basic_ofstream@DU?$char_traits@D@std@@@std@@QEAAXXZ 00000001800032c0 f i mexLibrary.obj
 0001:00002340       ??1?$basic_filebuf@DU?$char_traits@D@std@@@std@@UEAA@XZ 0000000180003340 f i mexLibrary.obj
 0001:000023e0       ?_Lock@?$basic_filebuf@DU?$char_traits@D@std@@@std@@UEAAXXZ 00000001800033e0 f i mexLibrary.obj
 0001:00002440       ?_Unlock@?$basic_filebuf@DU?$char_traits@D@std@@@std@@UEAAXXZ 0000000180003440 f i mexLibrary.obj
 0001:000024a0       ?overflow@?$basic_filebuf@DU?$char_traits@D@std@@@std@@MEAAHH@Z 00000001800034a0 f i mexLibrary.obj
 0001:00002c10       ?to_char_type@?$char_traits@D@std@@SADAEBH@Z 0000000180003c10 f i mexLibrary.obj
 0001:00002c30       ?eq_int_type@?$char_traits@D@std@@SA_NAEBH0@Z 0000000180003c30 f i mexLibrary.obj
 0001:00002c90       ?not_eof@?$char_traits@D@std@@SAHAEBH@Z 0000000180003c90 f i mexLibrary.obj
 0001:00002d10       ?eof@?$char_traits@D@std@@SAHXZ 0000000180003d10 f i mexLibrary.obj
 0001:00002d20       ??$_Fputc@D@std@@YA_NDPEAU_iobuf@@@Z 0000000180003d20 f i mexLibrary.obj
 0001:00002d90       ??1?$basic_string@DU?$char_traits@D@std@@V?$allocator@D@2@@std@@QEAA@XZ 0000000180003d90 f i mexLibrary.obj
 0001:00002df0       ?size@?$basic_string@DU?$char_traits@D@std@@V?$allocator@D@2@@std@@QEBA_KXZ 0000000180003df0 f i mexLibrary.obj
 0001:00002e10       ?pbackfail@?$basic_filebuf@DU?$char_traits@D@std@@@std@@MEAAHH@Z 0000000180003e10 f i mexLibrary.obj
 0001:00003010       ?to_int_type@?$char_traits@D@std@@SAHAEBD@Z 0000000180004010 f i mexLibrary.obj
 0001:00003030       ??$_Ungetc@D@std@@YA_NAEBDPEAU_iobuf@@@Z 0000000180004030 f i mexLibrary.obj
 0001:000030a0       ?underflow@?$basic_filebuf@DU?$char_traits@D@std@@@std@@MEAAHXZ 00000001800040a0 f i mexLibrary.obj
 0001:000031b0       ?uflow@?$basic_filebuf@DU?$char_traits@D@std@@@std@@MEAAHXZ 00000001800041b0 f i mexLibrary.obj
 0001:00003870       ??$_Fgetc@D@std@@YA_NAEADPEAU_iobuf@@@Z 0000000180004870 f i mexLibrary.obj
 0001:000038e0       ??0?$basic_string@DU?$char_traits@D@std@@V?$allocator@D@2@@std@@QEAA@XZ 00000001800048e0 f i mexLibrary.obj
 0001:00003960       ?seekoff@?$basic_filebuf@DU?$char_traits@D@std@@@std@@MEAA?AV?$fpos@H@2@_JHH@Z 0000000180004960 f i mexLibrary.obj
 0001:00003af0       ?seekpos@?$basic_filebuf@DU?$char_traits@D@std@@@std@@MEAA?AV?$fpos@H@2@V32@H@Z 0000000180004af0 f i mexLibrary.obj
 0001:00003c90       ?setbuf@?$basic_filebuf@DU?$char_traits@D@std@@@std@@MEAAPEAV?$basic_streambuf@DU?$char_traits@D@std@@@2@PEAD_J@Z 0000000180004c90 f i mexLibrary.obj
 0001:00003d70       ?sync@?$basic_filebuf@DU?$char_traits@D@std@@@std@@MEAAHXZ 0000000180004d70 f i mexLibrary.obj
 0001:00003e40       ?imbue@?$basic_filebuf@DU?$char_traits@D@std@@@std@@MEAAXAEBVlocale@2@@Z 0000000180004e40 f i mexLibrary.obj
 0001:00003e90       ??0?$basic_fstream@DU?$char_traits@D@std@@@std@@QEAA@PEBDHH@Z 0000000180004e90 f i mexLibrary.obj
 0001:00004010       ??1?$basic_fstream@DU?$char_traits@D@std@@@std@@UEAA@XZ 0000000180005010 f i mexLibrary.obj
 0001:000040b0       ?close@?$basic_fstream@DU?$char_traits@D@std@@@std@@QEAAXXZ 00000001800050b0 f i mexLibrary.obj
 0001:00004130       ??1?$_String_iterator@DU?$char_traits@D@std@@V?$allocator@D@2@@std@@QEAA@XZ 0000000180005130 f i mexLibrary.obj
 0001:00004170       ??1?$_String_const_iterator@DU?$char_traits@D@std@@V?$allocator@D@2@@std@@QEAA@XZ 0000000180005170 f i mexLibrary.obj
 0001:000041b0       ??_G?$basic_ofstream@DU?$char_traits@D@std@@@std@@UEAAPEAXI@Z 00000001800051b0 f i mexLibrary.obj
 0001:000041b0       ??_E?$basic_ofstream@DU?$char_traits@D@std@@@std@@UEAAPEAXI@Z 00000001800051b0 f i mexLibrary.obj
 0001:00004230       ??_G?$basic_filebuf@DU?$char_traits@D@std@@@std@@UEAAPEAXI@Z 0000000180005230 f i mexLibrary.obj
 0001:00004230       ??_E?$basic_filebuf@DU?$char_traits@D@std@@@std@@UEAAPEAXI@Z 0000000180005230 f i mexLibrary.obj
 0001:00004290       ??_G?$basic_fstream@DU?$char_traits@D@std@@@std@@UEAAPEAXI@Z 0000000180005290 f i mexLibrary.obj
 0001:00004290       ??_E?$basic_fstream@DU?$char_traits@D@std@@@std@@UEAAPEAXI@Z 0000000180005290 f i mexLibrary.obj
 0001:00004310       ??1?$_Iterator012@Urandom_access_iterator_tag@std@@D_JPEBDAEBDU_Iterator_base12@2@@std@@QEAA@XZ 0000000180005310 f i mexLibrary.obj
 0001:00004350       ??1_Iterator_base12@std@@QEAA@XZ 0000000180005350 f i mexLibrary.obj
 0001:000043d0       ?_Orphan_me@_Iterator_base12@std@@QEAAXXZ 00000001800053d0 f i mexLibrary.obj
 0001:000044b0       ??0?$basic_string@DU?$char_traits@D@std@@V?$allocator@D@2@@std@@QEAA@_KD@Z 00000001800054b0 f i mexLibrary.obj
 0001:00004560       ?append@?$basic_string@DU?$char_traits@D@std@@V?$allocator@D@2@@std@@QEAAAEAV12@_KD@Z 0000000180005560 f i mexLibrary.obj
 0001:00004650       ?erase@?$basic_string@DU?$char_traits@D@std@@V?$allocator@D@2@@std@@QEAAAEAV12@_K0@Z 0000000180005650 f i mexLibrary.obj
 0001:000047a0       ?move@?$char_traits@D@std@@SAPEADPEADPEBD_K@Z 00000001800057a0 f i mexLibrary.obj
 0001:00004800       ?begin@?$basic_string@DU?$char_traits@D@std@@V?$allocator@D@2@@std@@QEAA?AV?$_String_iterator@DU?$char_traits@D@std@@V?$allocator@D@2@@2@XZ 0000000180005800 f i mexLibrary.obj
 0001:00004880       ?_Tidy@?$basic_string@DU?$char_traits@D@std@@V?$allocator@D@2@@std@@QEAAX_N_K@Z 0000000180005880 f i mexLibrary.obj
 0001:00004960       ?copy@?$char_traits@D@std@@SAPEADPEADPEBD_K@Z 0000000180005960 f i mexLibrary.obj
 0001:000049c0       ?_Myptr@?$basic_string@DU?$char_traits@D@std@@V?$allocator@D@2@@std@@QEBAPEBDXZ 00000001800059c0 f i mexLibrary.obj
 0001:00004a30       ??0?$_String_val@DV?$allocator@D@std@@@std@@QEAA@V?$allocator@D@1@@Z 0000000180005a30 f i mexLibrary.obj
 0001:00004b30       ??0_Container_proxy@std@@QEAA@XZ 0000000180005b30 f i mexLibrary.obj
 0001:00004b60       ??1?$_String_val@DV?$allocator@D@std@@@std@@QEAA@XZ 0000000180005b60 f i mexLibrary.obj
 0001:00004c30       ??0?$allocator@D@std@@QEAA@XZ 0000000180005c30 f i mexLibrary.obj
 0001:00004c40       ??0?$allocator@D@std@@QEAA@AEBV01@@Z 0000000180005c40 f i mexLibrary.obj
 0001:00004c60       ??0?$basic_filebuf@DU?$char_traits@D@std@@@std@@QEAA@PEAU_iobuf@@@Z 0000000180005c60 f i mexLibrary.obj
 0001:00004ce0       ?open@?$basic_filebuf@DU?$char_traits@D@std@@@std@@QEAAPEAV12@PEBDHH@Z 0000000180005ce0 f i mexLibrary.obj
 0001:00004de0       ??1locale@std@@QEAA@XZ     0000000180005de0 f i mexLibrary.obj
 0001:00004e40       ?close@?$basic_filebuf@DU?$char_traits@D@std@@@std@@QEAAPEAV12@XZ 0000000180005e40 f i mexLibrary.obj
 0001:00004f00       ?_Init@?$basic_filebuf@DU?$char_traits@D@std@@@std@@IEAAXPEAU_iobuf@@W4_Initfl@12@@Z 0000000180005f00 f i mexLibrary.obj
 0001:000050a0       ?_Endwrite@?$basic_filebuf@DU?$char_traits@D@std@@@std@@IEAA_NXZ 00000001800060a0 f i mexLibrary.obj
 0001:00005600       ?_Initcvt@?$basic_filebuf@DU?$char_traits@D@std@@@std@@IEAAXPEBV?$codecvt@DDH@2@@Z 0000000180006600 f i mexLibrary.obj
 0001:00005690       ?_Reset_back@?$basic_filebuf@DU?$char_traits@D@std@@@std@@AEAAXXZ 0000000180006690 f i mexLibrary.obj
 0001:00005710       ?_Set_back@?$basic_filebuf@DU?$char_traits@D@std@@@std@@AEAAXXZ 0000000180006710 f i mexLibrary.obj
 0001:000057e0       ??D?$_String_iterator@DU?$char_traits@D@std@@V?$allocator@D@2@@std@@QEBAAEADXZ 00000001800067e0 f i mexLibrary.obj
 0001:00005820       ??0?$fpos@H@std@@QEAA@_J@Z 0000000180006820 f i mexLibrary.obj
 0001:00005870       ??0?$fpos@H@std@@QEAA@H_J@Z 0000000180006870 f i mexLibrary.obj
 0001:000058c0       ?state@?$fpos@H@std@@QEBAHXZ 00000001800068c0 f i mexLibrary.obj
 0001:000058e0       ?seekpos@?$fpos@H@std@@QEBA_JXZ 00000001800068e0 f i mexLibrary.obj
 0001:00005900       ??B?$fpos@H@std@@QEBA_JXZ  0000000180006900 f i mexLibrary.obj
 0001:00005920       ?assign@?$basic_string@DU?$char_traits@D@std@@V?$allocator@D@2@@std@@QEAAAEAV12@_KD@Z 0000000180006920 f i mexLibrary.obj
 0001:000059d0       ?_Chassign@?$basic_string@DU?$char_traits@D@std@@V?$allocator@D@2@@std@@QEAAX_K0D@Z 00000001800069d0 f i mexLibrary.obj
 0001:00005a70       ?assign@?$char_traits@D@std@@SAPEADPEAD_KD@Z 0000000180006a70 f i mexLibrary.obj
 0001:00005ad0       ?assign@?$char_traits@D@std@@SAXAEADAEBD@Z 0000000180006ad0 f i mexLibrary.obj
 0001:00005b00       ?_Eos@?$basic_string@DU?$char_traits@D@std@@V?$allocator@D@2@@std@@QEAAX_K@Z 0000000180006b00 f i mexLibrary.obj
 0001:00005b70       ?_Grow@?$basic_string@DU?$char_traits@D@std@@V?$allocator@D@2@@std@@QEAA_N_K_N@Z 0000000180006b70 f i mexLibrary.obj
 0001:00005cb0       ?_Myptr@?$basic_string@DU?$char_traits@D@std@@V?$allocator@D@2@@std@@QEAAPEADXZ 0000000180006cb0 f i mexLibrary.obj
 0001:00005d20       ?_Xlen@?$basic_string@DU?$char_traits@D@std@@V?$allocator@D@2@@std@@QEBAXXZ 0000000180006d20 f i mexLibrary.obj
 0001:00005d60       ?_Xran@?$basic_string@DU?$char_traits@D@std@@V?$allocator@D@2@@std@@QEBAXXZ 0000000180006d60 f i mexLibrary.obj
 0001:00005da0       ?deallocate@?$allocator@D@std@@QEAAXPEAD_K@Z 0000000180006da0 f i mexLibrary.obj
 0001:00005df0       ??0?$_String_iterator@DU?$char_traits@D@std@@V?$allocator@D@2@@std@@QEAA@PEADPEBU_Container_base12@1@@Z 0000000180006df0 f i mexLibrary.obj
 0001:00005e50       ??D?$_String_const_iterator@DU?$char_traits@D@std@@V?$allocator@D@2@@std@@QEBAAEBDXZ 0000000180006e50 f i mexLibrary.obj
 0001:00005fc0       ?_Getcont@_Iterator_base12@std@@QEBAPEBU_Container_base12@2@XZ 0000000180006fc0 f i mexLibrary.obj
 0001:00006020       ?deallocate@?$allocator@U_Container_proxy@std@@@std@@QEAAXPEAU_Container_proxy@2@_K@Z 0000000180007020 f i mexLibrary.obj
 0001:00006070       ?allocate@?$allocator@U_Container_proxy@std@@@std@@QEAAPEAU_Container_proxy@2@_K@Z 0000000180007070 f i mexLibrary.obj
 0001:000060c0       ?max_size@?$basic_string@DU?$char_traits@D@std@@V?$allocator@D@2@@std@@QEBA_KXZ 00000001800070c0 f i mexLibrary.obj
 0001:00006140       ?_Copy@?$basic_string@DU?$char_traits@D@std@@V?$allocator@D@2@@std@@QEAAX_K0@Z 0000000180007140 f i mexLibrary.obj
 0001:00006340       ??0?$_String_const_iterator@DU?$char_traits@D@std@@V?$allocator@D@2@@std@@QEAA@PEBDPEBU_Container_base12@1@@Z 0000000180007340 f i mexLibrary.obj
 0001:000063c0       ?_Adopt@_Iterator_base12@std@@QEAAXPEBU_Container_base12@2@@Z 00000001800073c0 f i mexLibrary.obj
 0001:000064e0       ??0?$_Iterator012@Urandom_access_iterator_tag@std@@D_JPEBDAEBDU_Iterator_base12@2@@std@@QEAA@XZ 00000001800074e0 f i mexLibrary.obj
 0001:00006520       ??0_Iterator_base12@std@@QEAA@XZ 0000000180007520 f i mexLibrary.obj
 0001:00006550       ?allocate@?$allocator@D@std@@QEAAPEAD_K@Z 0000000180007550 f i mexLibrary.obj
 0001:000065a0       ?max_size@?$allocator@D@std@@QEBA_KXZ 00000001800075a0 f i mexLibrary.obj
 0001:00006600       ??$_DebugHeapDelete@Vfacet@locale@std@@@std@@YAXPEAVfacet@locale@0@@Z 0000000180007600 f i mexLibrary.obj
 0001:00006660       ??$use_facet@V?$codecvt@DDH@std@@@std@@YAAEBV?$codecvt@DDH@0@AEBVlocale@0@@Z 0000000180007660 f i mexLibrary.obj
 0001:00006800       ?_Register@facet@locale@std@@QEAAXXZ 0000000180007800 f i mexLibrary.obj
 0001:00006840       ?_Getfacet@locale@std@@QEBAPEBVfacet@12@_K@Z 0000000180007840 f i mexLibrary.obj
 0001:00006950       ??$?0D@?$allocator@U_Container_proxy@std@@@std@@QEAA@AEBV?$allocator@D@1@@Z 0000000180007950 f i mexLibrary.obj
 0001:00006970       ??$_Cons_val@V?$allocator@U_Container_proxy@std@@@std@@U_Container_proxy@2@U32@@std@@YAXAEAV?$allocator@U_Container_proxy@std@@@0@PEAU_Container_proxy@0@$$QEAU20@@Z 0000000180007970 f i mexLibrary.obj
 0001:000069d0       ??$_Dest_val@V?$allocator@U_Container_proxy@std@@@std@@U_Container_proxy@2@@std@@YAXAEAV?$allocator@U_Container_proxy@std@@@0@PEAU_Container_proxy@0@@Z 00000001800079d0 f i mexLibrary.obj
 0001:00006a20       ??$_Allocate@U_Container_proxy@std@@@std@@YAPEAU_Container_proxy@0@_KPEAU10@@Z 0000000180007a20 f i mexLibrary.obj
 0001:00006ae0       ??0bad_alloc@std@@QEAA@PEBD@Z 0000000180007ae0 f i mexLibrary.obj
 0001:00006b40       ??1bad_alloc@std@@UEAA@XZ  0000000180007b40 f i mexLibrary.obj
 0001:00006b90       ??_Ebad_alloc@std@@UEAAPEAXI@Z 0000000180007b90 f i mexLibrary.obj
 0001:00006b90       ??_Gbad_alloc@std@@UEAAPEAXI@Z 0000000180007b90 f i mexLibrary.obj
 0001:00006bf0       ??$_Allocate@D@std@@YAPEAD_KPEAD@Z 0000000180007bf0 f i mexLibrary.obj
 0001:00006ca0       ??0bad_alloc@std@@QEAA@AEBV01@@Z 0000000180007ca0 f i mexLibrary.obj
 0001:00006d00       ?construct@?$allocator@U_Container_proxy@std@@@std@@QEAAXPEAU_Container_proxy@2@$$QEAU32@@Z 0000000180007d00 f i mexLibrary.obj
 0001:00006dd0       ??2@YAPEAX_KPEAX@Z         0000000180007dd0 f i mexLibrary.obj
 0001:00006df0       ??3@YAXPEAX0@Z             0000000180007df0 f i mexLibrary.obj
 0001:00006e00       ?destroy@?$allocator@U_Container_proxy@std@@@std@@QEAAXPEAU_Container_proxy@2@@Z 0000000180007e00 f i mexLibrary.obj
 0001:00006e40       ??$forward@U_Container_proxy@std@@@std@@YA$$QEAU_Container_proxy@0@AEAU10@@Z 0000000180007e40 f i mexLibrary.obj
 0001:00006e50       ??$_Destroy@U_Container_proxy@std@@@std@@YAXPEAU_Container_proxy@0@@Z 0000000180007e50 f i mexLibrary.obj
 0001:00006e60       ?algoCallbackFunc@@YAHPEADHPEAX@Z 0000000180007e60 f   TransShift.obj
 0001:00006ec0       ?algoCallbackFuncSineGen@@YAHPEADHPEAX@Z 0000000180007ec0 f   TransShift.obj
 0001:00006f20       ?algoCallbackFuncWavePB@@YAHPEADHPEAX@Z 0000000180007f20 f   TransShift.obj
 0001:00006f80       ??0TransShift@@QEAA@XZ     0000000180007f80 f   TransShift.obj
 0001:00007a40       ?reset@TransShift@@QEAAXXZ 0000000180008a40 f   TransShift.obj
 0001:000081d0       ?sw@@YAHQEAPEADPEBDAEBH@Z  00000001800091d0 f   TransShift.obj
 0001:00008280       ?setparams@TransShift@@QEAAHPEAX0@Z 0000000180009280 f   TransShift.obj
 0001:00008fe0       ?getparams@TransShift@@QEAAHPEAX@Z 0000000180009fe0 f   TransShift.obj
 0001:00009150       ?getsignal@TransShift@@QEAAPEBNAEAH@Z 000000018000a150 f   TransShift.obj
 0001:00009190       ?getdata@TransShift@@QEAAPEBNAEAH0@Z 000000018000a190 f   TransShift.obj
 0001:000091f0       ?myProcess@TransShift@@QEAAHPEAN0H@Z 000000018000a1f0 f   TransShift.obj
 0001:0000d200       ?myProcessSineGen@TransShift@@QEAAHPEAN0H@Z 000000018000e200 f   TransShift.obj
 0001:0000d310       ?myProcessWavePB@TransShift@@QEAAHPEAN0H@Z 000000018000e310 f   TransShift.obj
 0001:0000d3f0       ?getWma@TransShift@@AEAAHPEAN000@Z 000000018000e3f0 f   TransShift.obj
 0001:0000d720       ?getDFmt@TransShift@@AEAAHPEAN0N@Z 000000018000e720 f   TransShift.obj
 0001:0000d910       ?detectTrans@TransShift@@AEAA_NPEAN0HN@Z 000000018000e910 f   TransShift.obj
 0001:0000db30       ?getAi@TransShift@@AEAAXPEAN0HH@Z 000000018000eb30 f   TransShift.obj
 0001:0000e3e0       ?getGain@TransShift@@AEAANPEAN00H@Z 000000018000f3e0 f   TransShift.obj
 0001:0000e5a0       ?gainAdapt@TransShift@@AEAAHPEAN0HH@Z 000000018000f5a0 f   TransShift.obj
 0001:0000e770       ?levinson@TransShift@@AEAAXPEAN0H@Z 000000018000f770 f   TransShift.obj
 0001:0000ea30       ?hqr_roots@TransShift@@AEAAHPEAN000H@Z 000000018000fa30 f   TransShift.obj
 0001:0000fd50       ?getRPhiBw@TransShift@@AEAAXPEAN0000@Z 0000000180010d50 f   TransShift.obj
 0001:00010270       ?trackPhi@TransShift@@AEAAXPEAN0N@Z 0000000180011270 f   TransShift.obj
 0001:00010b70       ?myFilt@TransShift@@AEAAXPEAN0000H@Z 0000000180011b70 f   TransShift.obj
 0001:00010e20       ?calcRMS1@TransShift@@AEAANPEBNH@Z 0000000180011e20 f   TransShift.obj
 0001:00010ed0       ?calcRMS2@TransShift@@AEAANPEBNH@Z 0000000180011ed0 f   TransShift.obj
 0001:00010f80       ?sign@TransShift@@AEAAHN@Z 0000000180011f80 f   TransShift.obj
 0001:00010fd0       ?downSampSig@TransShift@@AEAAXPEAN00000HHH@Z 0000000180011fd0 f   TransShift.obj
 0001:000110c0       ?downSampSig_noFilt@TransShift@@AEAAXPEAN00000HHH@Z 00000001800120c0 f   TransShift.obj
 0001:00011140       ?upSampSig@TransShift@@AEAAXPEAN00000HHHN@Z 0000000180012140 f   TransShift.obj
 0001:00011260       ?iir_filt@TransShift@@AEAAXPEAN0000HHN@Z 0000000180012260 f   TransShift.obj
 0001:000113e0       ?hz2mel@TransShift@@AEAANN@Z 00000001800123e0 f   TransShift.obj
 0001:00011450       ?mel2hz@TransShift@@AEAANN@Z 0000000180012450 f   TransShift.obj
 0001:000114b0       ?locateF2@TransShift@@AEAANN@Z 00000001800124b0 f   TransShift.obj
 0001:00011650       ?DSPF_dp_cfftr2@TransShift@@AEAAXHPEAN0H@Z 0000000180012650 f   TransShift.obj
 0001:000118d0       ?DSPF_dp_icfftr2@TransShift@@AEAAXHPEAN0H@Z 00000001800128d0 f   TransShift.obj
 0001:00011b50       ?gen_w_r2@TransShift@@AEAAXPEANH@Z 0000000180012b50 f   TransShift.obj
 0001:00011c80       ?bit_rev@TransShift@@AEAAXPEANH@Z 0000000180012c80 f   TransShift.obj
 0001:00011de0       ?smbFft@TransShift@@AEAAXPEANNH@Z 0000000180012de0 f   TransShift.obj
 0001:00015080       ??0pvocWarpAtom@@QEAA@XZ   0000000180016080 f i TransShift.obj
 0001:00015150       ??0pvocWarpAtom@@QEAA@NNNNN@Z 0000000180016150 f i TransShift.obj
 0001:00015224       mxCreateDoubleMatrix_730   0000000180016224 f   libmx:libmx.dll
 0001:0001522a       mxArrayToString            000000018001622a f   libmx:libmx.dll
 0001:00015230       mxGetPr                    0000000180016230 f   libmx:libmx.dll
 0001:00015236       mexPrintf                  0000000180016236 f   libmex:libmex.dll
 0001:00015240       ??0audioIO@@QEAA@XZ        0000000180016240 f   audioIO:audioIO.obj
 0001:000155e0       ??1audioIO@@QEAA@XZ        00000001800165e0 f   audioIO:audioIO.obj
 0001:00015690       ?setcallbackparams@audioIO@@QEAAHHPEAX0@Z 0000000180016690 f   audioIO:audioIO.obj
 0001:000156e0       ?setdevparams@audioIO@@QEAAHPEAUDeviceParams@@H@Z 00000001800166e0 f   audioIO:audioIO.obj
 0001:000157d0       ?startdev@audioIO@@QEAAHXZ 00000001800167d0 f   audioIO:audioIO.obj
 0001:00015970       ?stopdev@audioIO@@QEAAHH@Z 0000000180016970 f   audioIO:audioIO.obj
 0001:00015a10       ??0RtAudioDeviceInfo@@QEAA@XZ 0000000180016a10 f i audioIO:audioIO.obj
 0001:00015a90       ?getDeviceCount@RtAudio@@QEAAHXZ 0000000180016a90 f i audioIO:audioIO.obj
 0001:00015ab0       ?getDeviceInfo@RtAudio@@QEAA?AURtAudioDeviceInfo@@H@Z 0000000180016ab0 f i audioIO:audioIO.obj
 0001:00015b00       ??1RtAudioDeviceInfo@@QEAA@XZ 0000000180016b00 f i audioIO:audioIO.obj
 0001:00015b40       ??4RtAudioDeviceInfo@@QEAAAEAU0@AEBU0@@Z 0000000180016b40 f i audioIO:audioIO.obj
 0001:00015bf0       ??_GRtAudio@@QEAAPEAXI@Z   0000000180016bf0 f i audioIO:audioIO.obj
 0001:00015c30       ?setStreamCallback@RtAudio@@QEAAXP6AHPEADHPEAX@Z1@Z 0000000180016c30 f i audioIO:audioIO.obj
 0001:00015c70       ?startStream@RtAudio@@QEAAXXZ 0000000180016c70 f i audioIO:audioIO.obj
 0001:00015ca0       ?closeStream@RtAudio@@QEAAXXZ 0000000180016ca0 f i audioIO:audioIO.obj
 0001:00015cd0       ?stopStream@RtAudio@@QEAAXXZ 0000000180016cd0 f i audioIO:audioIO.obj
 0001:00015d00       ??4?$basic_string@DU?$char_traits@D@std@@V?$allocator@D@2@@std@@QEAAAEAV01@AEBV01@@Z 0000000180016d00 f i audioIO:audioIO.obj
 0001:00015d30       ??0?$vector@HV?$allocator@H@std@@@std@@QEAA@XZ 0000000180016d30 f i audioIO:audioIO.obj
 0001:00015d70       ??1?$vector@HV?$allocator@H@std@@@std@@QEAA@XZ 0000000180016d70 f i audioIO:audioIO.obj
 0001:00015da0       ??4?$vector@HV?$allocator@H@std@@@std@@QEAAAEAV01@AEBV01@@Z 0000000180016da0 f i audioIO:audioIO.obj
 0001:00015fb0       ??0?$vector@UAudioDeviceInfo@@V?$allocator@UAudioDeviceInfo@@@std@@@std@@QEAA@XZ 0000000180016fb0 f i audioIO:audioIO.obj
 0001:00015ff0       ??1?$vector@UAudioDeviceInfo@@V?$allocator@UAudioDeviceInfo@@@std@@@std@@QEAA@XZ 0000000180016ff0 f i audioIO:audioIO.obj
 0001:00016020       ?resize@?$vector@UAudioDeviceInfo@@V?$allocator@UAudioDeviceInfo@@@std@@@std@@QEAAX_K@Z 0000000180017020 f i audioIO:audioIO.obj
 0001:00016270       ??1?$_Vector_iterator@V?$_Vector_val@UAudioDeviceInfo@@V?$allocator@UAudioDeviceInfo@@@std@@@std@@@std@@QEAA@XZ 0000000180017270 f i audioIO:audioIO.obj
 0001:00016290       ??0?$_Vector_const_iterator@V?$_Vector_val@UAudioDeviceInfo@@V?$allocator@UAudioDeviceInfo@@@std@@@std@@@std@@QEAA@AEBV01@@Z 0000000180017290 f i audioIO:audioIO.obj
 0001:000162d0       ??1?$_Vector_const_iterator@V?$_Vector_val@UAudioDeviceInfo@@V?$allocator@UAudioDeviceInfo@@@std@@@std@@@std@@QEAA@XZ 00000001800172d0 f i audioIO:audioIO.obj
 0001:000162f0       ??0?$_Iterator012@Urandom_access_iterator_tag@std@@UAudioDeviceInfo@@_JPEBU3@AEBU3@U_Iterator_base12@2@@std@@QEAA@AEBU01@@Z 00000001800172f0 f i audioIO:audioIO.obj
 0001:00016320       ??0_Iterator_base12@std@@QEAA@AEBU01@@Z 0000000180017320 f i audioIO:audioIO.obj
 0001:00016360       ??4_Iterator_base12@std@@QEAAAEAU01@AEBU01@@Z 0000000180017360 f i audioIO:audioIO.obj
 0001:000163e0       ??1?$_Iterator012@Urandom_access_iterator_tag@std@@UAudioDeviceInfo@@_JPEBU3@AEBU3@U_Iterator_base12@2@@std@@QEAA@XZ 00000001800173e0 f i audioIO:audioIO.obj
 0001:00016400       ?assign@?$basic_string@DU?$char_traits@D@std@@V?$allocator@D@2@@std@@QEAAAEAV12@AEBV12@@Z 0000000180017400 f i audioIO:audioIO.obj
 0001:00016430       ?assign@?$basic_string@DU?$char_traits@D@std@@V?$allocator@D@2@@std@@QEAAAEAV12@AEBV12@_K1@Z 0000000180017430 f i audioIO:audioIO.obj
 0001:00016540       ?capacity@?$vector@HV?$allocator@H@std@@@std@@QEBA_KXZ 0000000180017540 f i audioIO:audioIO.obj
 0001:00016560       ?size@?$vector@HV?$allocator@H@std@@@std@@QEBA_KXZ 0000000180017560 f i audioIO:audioIO.obj
 0001:00016580       ?clear@?$vector@HV?$allocator@H@std@@@std@@QEAAXXZ 0000000180017580 f i audioIO:audioIO.obj
 0001:000166a0       ?_Buy@?$vector@HV?$allocator@H@std@@@std@@IEAA_N_K@Z 00000001800176a0 f i audioIO:audioIO.obj
 0001:00016760       ?_Destroy@?$vector@HV?$allocator@H@std@@@std@@IEAAXPEAH0@Z 0000000180017760 f i audioIO:audioIO.obj
 0001:000167a0       ?_Tidy@?$vector@HV?$allocator@H@std@@@std@@IEAAXXZ 00000001800177a0 f i audioIO:audioIO.obj
 0001:00016840       ??0?$_Vector_val@HV?$allocator@H@std@@@std@@QEAA@V?$allocator@H@1@@Z 0000000180017840 f i audioIO:audioIO.obj
 0001:00016910       ??1?$_Vector_val@HV?$allocator@H@std@@@std@@QEAA@XZ 0000000180017910 f i audioIO:audioIO.obj
 0001:00016990       ??0?$allocator@H@std@@QEAA@XZ 0000000180017990 f i audioIO:audioIO.obj
 0001:000169a0       ?deallocate@?$allocator@H@std@@QEAAXPEAH_K@Z 00000001800179a0 f i audioIO:audioIO.obj
 0001:000169d0       ?begin@?$vector@UAudioDeviceInfo@@V?$allocator@UAudioDeviceInfo@@@std@@@std@@QEAA?AV?$_Vector_iterator@V?$_Vector_val@UAudioDeviceInfo@@V?$allocator@UAudioDeviceInfo@@@std@@@std@@@2@XZ 00000001800179d0 f i audioIO:audioIO.obj
 0001:00016a20       ?end@?$vector@UAudioDeviceInfo@@V?$allocator@UAudioDeviceInfo@@@std@@@std@@QEAA?AV?$_Vector_iterator@V?$_Vector_val@UAudioDeviceInfo@@V?$allocator@UAudioDeviceInfo@@@std@@@std@@@2@XZ 0000000180017a20 f i audioIO:audioIO.obj
 0001:00016a70       ?erase@?$vector@UAudioDeviceInfo@@V?$allocator@UAudioDeviceInfo@@@std@@@std@@QEAA?AV?$_Vector_iterator@V?$_Vector_val@UAudioDeviceInfo@@V?$allocator@UAudioDeviceInfo@@@std@@@std@@@2@V?$_Vector_const_iterator@V?$_Vector_val@UAudioDeviceInfo@@V?$allocator@UAudioDeviceInfo@@@std@@@std@@@2@0@Z 0000000180017a70 f i audioIO:audioIO.obj
 0001:00016cc0       ?_Reserve@?$vector@UAudioDeviceInfo@@V?$allocator@UAudioDeviceInfo@@@std@@@std@@IEAAX_K@Z 0000000180017cc0 f i audioIO:audioIO.obj
 0001:00016d50       ?_Tidy@?$vector@UAudioDeviceInfo@@V?$allocator@UAudioDeviceInfo@@@std@@@std@@IEAAXXZ 0000000180017d50 f i audioIO:audioIO.obj
 0001:00016e00       ??0?$_Vector_val@UAudioDeviceInfo@@V?$allocator@UAudioDeviceInfo@@@std@@@std@@QEAA@V?$allocator@UAudioDeviceInfo@@@1@@Z 0000000180017e00 f i audioIO:audioIO.obj
 0001:00016ed0       ??1?$_Vector_val@UAudioDeviceInfo@@V?$allocator@UAudioDeviceInfo@@@std@@@std@@QEAA@XZ 0000000180017ed0 f i audioIO:audioIO.obj
 0001:00016f50       ??0?$allocator@UAudioDeviceInfo@@@std@@QEAA@XZ 0000000180017f50 f i audioIO:audioIO.obj
 0001:00016f60       ??H?$_Vector_iterator@V?$_Vector_val@UAudioDeviceInfo@@V?$allocator@UAudioDeviceInfo@@@std@@@std@@@std@@QEBA?AV01@_J@Z 0000000180017f60 f i audioIO:audioIO.obj
 0001:00016fd0       ??1?$_Vector_iterator@V?$_Vector_val@HV?$allocator@H@std@@@std@@@std@@QEAA@XZ 0000000180017fd0 f i audioIO:audioIO.obj
 0001:00016ff0       ??0?$_Vector_const_iterator@V?$_Vector_val@HV?$allocator@H@std@@@std@@@std@@QEAA@AEBV01@@Z 0000000180017ff0 f i audioIO:audioIO.obj
 0001:00017030       ??1?$_Vector_const_iterator@V?$_Vector_val@HV?$allocator@H@std@@@std@@@std@@QEAA@XZ 0000000180018030 f i audioIO:audioIO.obj
 0001:00017050       ??0?$_Vector_iterator@V?$_Vector_val@UAudioDeviceInfo@@V?$allocator@UAudioDeviceInfo@@@std@@@std@@@std@@QEAA@AEBV01@@Z 0000000180018050 f i audioIO:audioIO.obj
 0001:00017080       ??0?$_Iterator012@Urandom_access_iterator_tag@std@@H_JPEBHAEBHU_Iterator_base12@2@@std@@QEAA@AEBU01@@Z 0000000180018080 f i audioIO:audioIO.obj
 0001:000170b0       ??1?$_Iterator012@Urandom_access_iterator_tag@std@@H_JPEBHAEBHU_Iterator_base12@2@@std@@QEAA@XZ 00000001800180b0 f i audioIO:audioIO.obj
 0001:000170d0       ?begin@?$vector@HV?$allocator@H@std@@@std@@QEAA?AV?$_Vector_iterator@V?$_Vector_val@HV?$allocator@H@std@@@std@@@2@XZ 00000001800180d0 f i audioIO:audioIO.obj
 0001:00017120       ?end@?$vector@HV?$allocator@H@std@@@std@@QEAA?AV?$_Vector_iterator@V?$_Vector_val@HV?$allocator@H@std@@@std@@@2@XZ 0000000180018120 f i audioIO:audioIO.obj
 0001:00017170       ?max_size@?$vector@HV?$allocator@H@std@@@std@@QEBA_KXZ 0000000180018170 f i audioIO:audioIO.obj
 0001:00017190       ?erase@?$vector@HV?$allocator@H@std@@@std@@QEAA?AV?$_Vector_iterator@V?$_Vector_val@HV?$allocator@H@std@@@std@@@2@V?$_Vector_const_iterator@V?$_Vector_val@HV?$allocator@H@std@@@std@@@2@0@Z 0000000180018190 f i audioIO:audioIO.obj
 0001:000173e0       ?_Xlen@?$vector@HV?$allocator@H@std@@@std@@IEBAXXZ 00000001800183e0 f i audioIO:audioIO.obj
 0001:00017400       ??0?$allocator@H@std@@QEAA@AEBV01@@Z 0000000180018400 f i audioIO:audioIO.obj
 0001:00017410       ?allocate@?$allocator@H@std@@QEAAPEAH_K@Z 0000000180018410 f i audioIO:audioIO.obj
 0001:00017430       ?reserve@?$vector@UAudioDeviceInfo@@V?$allocator@UAudioDeviceInfo@@@std@@@std@@QEAAX_K@Z 0000000180018430 f i audioIO:audioIO.obj
 0001:00017590       ?capacity@?$vector@UAudioDeviceInfo@@V?$allocator@UAudioDeviceInfo@@@std@@@std@@QEBA_KXZ 0000000180018590 f i audioIO:audioIO.obj
 0001:000175c0       ?_Make_iter@?$vector@UAudioDeviceInfo@@V?$allocator@UAudioDeviceInfo@@@std@@@std@@QEBA?AV?$_Vector_iterator@V?$_Vector_val@UAudioDeviceInfo@@V?$allocator@UAudioDeviceInfo@@@std@@@std@@@2@V?$_Vector_const_iterator@V?$_Vector_val@UAudioDeviceInfo@@V?$allocator@UAudioDeviceInfo@@@std@@@std@@@2@@Z 00000001800185c0 f i audioIO:audioIO.obj
 0001:00017620       ?max_size@?$vector@UAudioDeviceInfo@@V?$allocator@UAudioDeviceInfo@@@std@@@std@@QEBA_KXZ 0000000180018620 f i audioIO:audioIO.obj
 0001:00017640       ?_Destroy@?$vector@UAudioDeviceInfo@@V?$allocator@UAudioDeviceInfo@@@std@@@std@@IEAAXPEAUAudioDeviceInfo@@0@Z 0000000180018640 f i audioIO:audioIO.obj
 0001:00017680       ?_Grow_to@?$vector@UAudioDeviceInfo@@V?$allocator@UAudioDeviceInfo@@@std@@@std@@IEBA_K_K@Z 0000000180018680 f i audioIO:audioIO.obj
 0001:00017730       ?_Xlen@?$vector@UAudioDeviceInfo@@V?$allocator@UAudioDeviceInfo@@@std@@@std@@IEBAXXZ 0000000180018730 f i audioIO:audioIO.obj
 0001:00017750       ?_Orphan_range@?$vector@UAudioDeviceInfo@@V?$allocator@UAudioDeviceInfo@@@std@@@std@@IEBAXPEAUAudioDeviceInfo@@0@Z 0000000180018750 f i audioIO:audioIO.obj
 0001:00017820       ?_Clrcont@_Iterator_base12@std@@QEAAXXZ 0000000180018820 f i audioIO:audioIO.obj
 0001:00017840       ?_Getpnext@_Iterator_base12@std@@QEAAPEAPEAU12@XZ 0000000180018840 f i audioIO:audioIO.obj
 0001:00017850       ??0?$allocator@UAudioDeviceInfo@@@std@@QEAA@AEBV01@@Z 0000000180018850 f i audioIO:audioIO.obj
 0001:00017860       ?deallocate@?$allocator@UAudioDeviceInfo@@@std@@QEAAXPEAUAudioDeviceInfo@@_K@Z 0000000180018860 f i audioIO:audioIO.obj
 0001:00017890       ??0?$_Vector_iterator@V?$_Vector_val@UAudioDeviceInfo@@V?$allocator@UAudioDeviceInfo@@@std@@@std@@@std@@QEAA@PEAUAudioDeviceInfo@@PEBU_Container_base12@1@@Z 0000000180018890 f i audioIO:audioIO.obj
 0001:000178d0       ??Y?$_Vector_iterator@V?$_Vector_val@UAudioDeviceInfo@@V?$allocator@UAudioDeviceInfo@@@std@@@std@@@std@@QEAAAEAV01@_J@Z 00000001800188d0 f i audioIO:audioIO.obj
 0001:00017900       ??9?$_Vector_const_iterator@V?$_Vector_val@UAudioDeviceInfo@@V?$allocator@UAudioDeviceInfo@@@std@@@std@@@std@@QEBA_NAEBV01@@Z 0000000180018900 f i audioIO:audioIO.obj
 0001:00017940       ??M?$_Vector_const_iterator@V?$_Vector_val@UAudioDeviceInfo@@V?$allocator@UAudioDeviceInfo@@@std@@@std@@@std@@QEBA_NAEBV01@@Z 0000000180018940 f i audioIO:audioIO.obj
 0001:00017990       ?_Make_iter@?$vector@HV?$allocator@H@std@@@std@@QEBA?AV?$_Vector_iterator@V?$_Vector_val@HV?$allocator@H@std@@@std@@@2@V?$_Vector_const_iterator@V?$_Vector_val@HV?$allocator@H@std@@@std@@@2@@Z 0000000180018990 f i audioIO:audioIO.obj
 0001:000179f0       ?_Orphan_range@?$vector@HV?$allocator@H@std@@@std@@IEBAXPEAH0@Z 00000001800189f0 f i audioIO:audioIO.obj
 0001:00017ac0       ?max_size@?$allocator@H@std@@QEBA_KXZ 0000000180018ac0 f i audioIO:audioIO.obj
 0001:00017b00       ?allocate@?$allocator@UAudioDeviceInfo@@@std@@QEAAPEAUAudioDeviceInfo@@_K@Z 0000000180018b00 f i audioIO:audioIO.obj
 0001:00017b20       ?max_size@?$allocator@UAudioDeviceInfo@@@std@@QEBA_KXZ 0000000180018b20 f i audioIO:audioIO.obj
 0001:00017b60       ??0?$_Vector_const_iterator@V?$_Vector_val@UAudioDeviceInfo@@V?$allocator@UAudioDeviceInfo@@@std@@@std@@@std@@QEAA@PEAUAudioDeviceInfo@@PEBU_Container_base12@1@@Z 0000000180018b60 f i audioIO:audioIO.obj
 0001:00017bb0       ??Y?$_Vector_const_iterator@V?$_Vector_val@UAudioDeviceInfo@@V?$allocator@UAudioDeviceInfo@@@std@@@std@@@std@@QEAAAEAV01@_J@Z 0000000180018bb0 f i audioIO:audioIO.obj
 0001:00017cd0       ??8?$_Vector_const_iterator@V?$_Vector_val@UAudioDeviceInfo@@V?$allocator@UAudioDeviceInfo@@@std@@@std@@@std@@QEBA_NAEBV01@@Z 0000000180018cd0 f i audioIO:audioIO.obj
 0001:00017d20       ?_Compat@?$_Vector_const_iterator@V?$_Vector_val@UAudioDeviceInfo@@V?$allocator@UAudioDeviceInfo@@@std@@@std@@@std@@QEBAXAEBV12@@Z 0000000180018d20 f i audioIO:audioIO.obj
 0001:00017df0       ??0?$_Vector_iterator@V?$_Vector_val@HV?$allocator@H@std@@@std@@@std@@QEAA@PEAHPEBU_Container_base12@1@@Z 0000000180018df0 f i audioIO:audioIO.obj
 0001:00017e30       ??9?$_Vector_const_iterator@V?$_Vector_val@HV?$allocator@H@std@@@std@@@std@@QEBA_NAEBV01@@Z 0000000180018e30 f i audioIO:audioIO.obj
 0001:00017e70       ??M?$_Vector_const_iterator@V?$_Vector_val@HV?$allocator@H@std@@@std@@@std@@QEBA_NAEBV01@@Z 0000000180018e70 f i audioIO:audioIO.obj
 0001:00017ec0       ??0?$_Iterator012@Urandom_access_iterator_tag@std@@UAudioDeviceInfo@@_JPEBU3@AEBU3@U_Iterator_base12@2@@std@@QEAA@XZ 0000000180018ec0 f i audioIO:audioIO.obj
 0001:00017ee0       ??0?$_Vector_const_iterator@V?$_Vector_val@HV?$allocator@H@std@@@std@@@std@@QEAA@PEAHPEBU_Container_base12@1@@Z 0000000180018ee0 f i audioIO:audioIO.obj
 0001:00017f30       ??8?$_Vector_const_iterator@V?$_Vector_val@HV?$allocator@H@std@@@std@@@std@@QEBA_NAEBV01@@Z 0000000180018f30 f i audioIO:audioIO.obj
 0001:00017f80       ?_Compat@?$_Vector_const_iterator@V?$_Vector_val@HV?$allocator@H@std@@@std@@@std@@QEBAXAEBV12@@Z 0000000180018f80 f i audioIO:audioIO.obj
 0001:00018050       ??0?$_Iterator012@Urandom_access_iterator_tag@std@@H_JPEBHAEBHU_Iterator_base12@2@@std@@QEAA@XZ 0000000180019050 f i audioIO:audioIO.obj
 0001:00018070       ??$_Copy_impl@PEAHPEAH@std@@YAPEAHPEAH00@Z 0000000180019070 f i audioIO:audioIO.obj
 0001:000180c0       ??$_Ucopy@PEAH@?$vector@HV?$allocator@H@std@@@std@@IEAAPEAHPEAH00@Z 00000001800190c0 f i audioIO:audioIO.obj
 0001:00018100       ??$_Uninitialized_default_fill_n@PEAUAudioDeviceInfo@@_KU1@V?$allocator@UAudioDeviceInfo@@@std@@@std@@YAXPEAUAudioDeviceInfo@@_KPEBU1@AEAV?$allocator@UAudioDeviceInfo@@@0@@Z 0000000180019100 f i audioIO:audioIO.obj
 0001:00018170       ??$_Destroy_range@V?$allocator@H@std@@@std@@YAXPEAH0AEAV?$allocator@H@0@@Z 0000000180019170 f i audioIO:audioIO.obj
 0001:000181c0       ??$?0H@?$allocator@U_Container_proxy@std@@@std@@QEAA@AEBV?$allocator@H@1@@Z 00000001800191c0 f i audioIO:audioIO.obj
 0001:000181d0       ??$_Move@PEAUAudioDeviceInfo@@PEAU1@@std@@YAPEAUAudioDeviceInfo@@PEAU1@00@Z 00000001800191d0 f i audioIO:audioIO.obj
 0001:00018220       ??$?0UAudioDeviceInfo@@@?$allocator@U_Container_proxy@std@@@std@@QEAA@AEBV?$allocator@UAudioDeviceInfo@@@1@@Z 0000000180019220 f i audioIO:audioIO.obj
 0001:00018230       ??$_Move@PEAHPEAH@std@@YAPEAHPEAH00@Z 0000000180019230 f i audioIO:audioIO.obj
 0001:00018280       ??$_Allocate@H@std@@YAPEAH_KPEAH@Z 0000000180019280 f i audioIO:audioIO.obj
 0001:00018300       ??$_Umove@PEAUAudioDeviceInfo@@@?$vector@UAudioDeviceInfo@@V?$allocator@UAudioDeviceInfo@@@std@@@std@@IEAAPEAUAudioDeviceInfo@@PEAU2@00@Z 0000000180019300 f i audioIO:audioIO.obj
 0001:00018340       ??$_Destroy_range@V?$allocator@UAudioDeviceInfo@@@std@@@std@@YAXPEAUAudioDeviceInfo@@0AEAV?$allocator@UAudioDeviceInfo@@@0@@Z 0000000180019340 f i audioIO:audioIO.obj
 0001:00018390       ??$_Allocate@UAudioDeviceInfo@@@std@@YAPEAUAudioDeviceInfo@@_KPEAU1@@Z 0000000180019390 f i audioIO:audioIO.obj
 0001:00018410       ??$_Ptr_cat@HH@std@@YA?AU_Scalar_ptr_iterator_tag@0@PEAH0@Z 0000000180019410 f i audioIO:audioIO.obj
 0001:00018430       ??$_Copy_impl@PEAHPEAH@std@@YAPEAHPEAH00U_Scalar_ptr_iterator_tag@0@@Z 0000000180019430 f i audioIO:audioIO.obj
 0001:00018490       ??$_Uninitialized_copy@PEAHPEAHV?$allocator@H@std@@@std@@YAPEAHPEAH00AEAV?$allocator@H@0@@Z 0000000180019490 f i audioIO:audioIO.obj
 0001:000184f0       ??$_Val_type@PEAUAudioDeviceInfo@@@std@@YAPEAUAudioDeviceInfo@@PEAU1@@Z 00000001800194f0 f i audioIO:audioIO.obj
 0001:00018500       ??$_Ptr_cat@UAudioDeviceInfo@@U1@@std@@YA?AU_Nonscalar_ptr_iterator_tag@0@PEAUAudioDeviceInfo@@0@Z 0000000180019500 f i audioIO:audioIO.obj
 0001:00018520       ??$_Uninit_def_fill_n@PEAUAudioDeviceInfo@@_KU1@V?$allocator@UAudioDeviceInfo@@@std@@U1@@std@@YAXPEAUAudioDeviceInfo@@_KPEBU1@AEAV?$allocator@UAudioDeviceInfo@@@0@0U_Nonscalar_ptr_iterator_tag@0@@Z 0000000180019520 f i audioIO:audioIO.obj
 0001:00018610       ??0AudioDeviceInfo@@QEAA@XZ 0000000180019610 f i audioIO:audioIO.obj
 0001:00018680       ??$_Destroy_range@V?$allocator@H@std@@@std@@YAXPEAH0AEAV?$allocator@H@0@U_Scalar_ptr_iterator_tag@0@@Z 0000000180019680 f i audioIO:audioIO.obj
 0001:000186a0       ??$_Move@PEAUAudioDeviceInfo@@PEAU1@@std@@YAPEAUAudioDeviceInfo@@PEAU1@00U_Nonscalar_ptr_iterator_tag@0@@Z 00000001800196a0 f i audioIO:audioIO.obj
 0001:00018710       ??$_Move@PEAHPEAH@std@@YAPEAHPEAH00U_Scalar_ptr_iterator_tag@0@@Z 0000000180019710 f i audioIO:audioIO.obj
 0001:00018770       ??$_Uninitialized_move@PEAUAudioDeviceInfo@@PEAU1@V?$allocator@UAudioDeviceInfo@@@std@@@std@@YAPEAUAudioDeviceInfo@@PEAU1@00AEAV?$allocator@UAudioDeviceInfo@@@0@@Z 0000000180019770 f i audioIO:audioIO.obj
 0001:000187e0       ??$_Destroy_range@V?$allocator@UAudioDeviceInfo@@@std@@@std@@YAXPEAUAudioDeviceInfo@@0AEAV?$allocator@UAudioDeviceInfo@@@0@U_Nonscalar_ptr_iterator_tag@0@@Z 00000001800197e0 f i audioIO:audioIO.obj
 0001:00018830       ??1AudioDeviceInfo@@QEAA@XZ 0000000180019830 f i audioIO:audioIO.obj
 0001:00018870       ??4AudioDeviceInfo@@QEAAAEAU0@AEBU0@@Z 0000000180019870 f i audioIO:audioIO.obj
 0001:00018910       ??$_Uninit_copy@HH@std@@YAPEAHPEAH00AEAV?$allocator@H@0@U_Scalar_ptr_iterator_tag@0@@Z 0000000180019910 f i audioIO:audioIO.obj
 0001:000189a0       ??$_Cons_val@V?$allocator@UAudioDeviceInfo@@@std@@UAudioDeviceInfo@@U3@@std@@YAXAEAV?$allocator@UAudioDeviceInfo@@@0@PEAUAudioDeviceInfo@@$$QEAU2@@Z 00000001800199a0 f i audioIO:audioIO.obj
 0001:000189e0       ??$_Dest_val@V?$allocator@UAudioDeviceInfo@@@std@@UAudioDeviceInfo@@@std@@YAXAEAV?$allocator@UAudioDeviceInfo@@@0@PEAUAudioDeviceInfo@@@Z 00000001800199e0 f i audioIO:audioIO.obj
 0001:00018a10       ??$move@AEAUAudioDeviceInfo@@@std@@YA$$QEAUAudioDeviceInfo@@AEAU1@@Z 0000000180019a10 f i audioIO:audioIO.obj
 0001:00018a20       ??$_Uninit_move@PEAUAudioDeviceInfo@@PEAU1@V?$allocator@UAudioDeviceInfo@@@std@@U1@@std@@YAPEAUAudioDeviceInfo@@PEAU1@00AEAV?$allocator@UAudioDeviceInfo@@@0@0U_Nonscalar_ptr_iterator_tag@0@@Z 0000000180019a20 f i audioIO:audioIO.obj
 0001:00018ad0       ?construct@?$allocator@UAudioDeviceInfo@@@std@@QEAAXPEAUAudioDeviceInfo@@$$QEAU3@@Z 0000000180019ad0 f i audioIO:audioIO.obj
 0001:00018b40       ?destroy@?$allocator@UAudioDeviceInfo@@@std@@QEAAXPEAUAudioDeviceInfo@@@Z 0000000180019b40 f i audioIO:audioIO.obj
 0001:00018b60       ??0AudioDeviceInfo@@QEAA@AEBU0@@Z 0000000180019b60 f i audioIO:audioIO.obj
 0001:00018c00       ??0?$basic_string@DU?$char_traits@D@std@@V?$allocator@D@2@@std@@QEAA@AEBV01@@Z 0000000180019c00 f i audioIO:audioIO.obj
 0001:00018c80       ??0?$vector@HV?$allocator@H@std@@@std@@QEAA@AEBV01@@Z 0000000180019c80 f i audioIO:audioIO.obj
 0001:00018da0       ?begin@?$vector@HV?$allocator@H@std@@@std@@QEBA?AV?$_Vector_const_iterator@V?$_Vector_val@HV?$allocator@H@std@@@std@@@2@XZ 0000000180019da0 f i audioIO:audioIO.obj
 0001:00018df0       ?end@?$vector@HV?$allocator@H@std@@@std@@QEBA?AV?$_Vector_const_iterator@V?$_Vector_val@HV?$allocator@H@std@@@std@@@2@XZ 0000000180019df0 f i audioIO:audioIO.obj
 0001:00018e40       ??$_Debug_range@PEAH@std@@YAXPEAH0PEB_WI@Z 0000000180019e40 f i audioIO:audioIO.obj
 0001:00018e90       ??$_Debug_pointer@H@std@@YAXPEAHPEB_WI@Z 0000000180019e90 f i audioIO:audioIO.obj
 0001:00018ed0       ??$forward@UAudioDeviceInfo@@@std@@YA$$QEAUAudioDeviceInfo@@AEAU1@@Z 0000000180019ed0 f i audioIO:audioIO.obj
 0001:00018ee0       ??$_Debug_range@PEAUAudioDeviceInfo@@@std@@YAXPEAUAudioDeviceInfo@@0PEB_WI@Z 0000000180019ee0 f i audioIO:audioIO.obj
 0001:00018f30       ??$_Debug_pointer@UAudioDeviceInfo@@@std@@YAXPEAUAudioDeviceInfo@@PEB_WI@Z 0000000180019f30 f i audioIO:audioIO.obj
 0001:00018f70       ??$_Destroy@UAudioDeviceInfo@@@std@@YAXPEAUAudioDeviceInfo@@@Z 0000000180019f70 f i audioIO:audioIO.obj
 0001:00018f90       ??$_Ucopy@V?$_Vector_const_iterator@V?$_Vector_val@HV?$allocator@H@std@@@std@@@std@@@?$vector@HV?$allocator@H@std@@@std@@IEAAPEAHV?$_Vector_const_iterator@V?$_Vector_val@HV?$allocator@H@std@@@std@@@1@0PEAH@Z 0000000180019f90 f i audioIO:audioIO.obj
 0001:00019070       ??_GAudioDeviceInfo@@QEAAPEAXI@Z 000000018001a070 f i audioIO:audioIO.obj
 0001:000190b0       ??$_Iter_cat@PEAH@std@@YA?AUrandom_access_iterator_tag@0@AEBQEAH@Z 000000018001a0b0 f i audioIO:audioIO.obj
 0001:000190e0       ??$_Debug_range2@PEAH@std@@YAXPEAH0PEB_WIUrandom_access_iterator_tag@0@@Z 000000018001a0e0 f i audioIO:audioIO.obj
 0001:00019160       ??$_Iter_cat@PEAUAudioDeviceInfo@@@std@@YA?AUrandom_access_iterator_tag@0@AEBQEAUAudioDeviceInfo@@@Z 000000018001a160 f i audioIO:audioIO.obj
 0001:00019190       ??$_Debug_range2@PEAUAudioDeviceInfo@@@std@@YAXPEAUAudioDeviceInfo@@0PEB_WIUrandom_access_iterator_tag@0@@Z 000000018001a190 f i audioIO:audioIO.obj
 0001:00019210       ??$_Uninitialized_copy@V?$_Vector_const_iterator@V?$_Vector_val@HV?$allocator@H@std@@@std@@@std@@PEAHV?$allocator@H@2@@std@@YAPEAHV?$_Vector_const_iterator@V?$_Vector_val@HV?$allocator@H@std@@@std@@@0@0PEAHAEAV?$allocator@H@0@@Z 000000018001a210 f i audioIO:audioIO.obj
 0001:00019310       ??$_Ptr_cat@V?$_Vector_const_iterator@V?$_Vector_val@HV?$allocator@H@std@@@std@@@std@@PEAH@std@@YA?AU_Nonscalar_ptr_iterator_tag@0@AEAV?$_Vector_const_iterator@V?$_Vector_val@HV?$allocator@H@std@@@std@@@0@AEAPEAH@Z 000000018001a310 f i audioIO:audioIO.obj
 0001:00019330       ??$_Uninit_copy@V?$_Vector_const_iterator@V?$_Vector_val@HV?$allocator@H@std@@@std@@@std@@PEAHV?$allocator@H@2@@std@@YAPEAHV?$_Vector_const_iterator@V?$_Vector_val@HV?$allocator@H@std@@@std@@@0@0PEAHAEAV?$allocator@H@0@U_Nonscalar_ptr_iterator_tag@0@@Z 000000018001a330 f i audioIO:audioIO.obj
 0001:000194b0       ??D?$_Vector_const_iterator@V?$_Vector_val@HV?$allocator@H@std@@@std@@@std@@QEBAAEBHXZ 000000018001a4b0 f i audioIO:audioIO.obj
 0001:000195a0       ??E?$_Vector_const_iterator@V?$_Vector_val@HV?$allocator@H@std@@@std@@@std@@QEAAAEAV01@XZ 000000018001a5a0 f i audioIO:audioIO.obj
 0001:00019690       ??$_Debug_range@V?$_Vector_const_iterator@V?$_Vector_val@HV?$allocator@H@std@@@std@@@std@@@std@@YAXV?$_Vector_const_iterator@V?$_Vector_val@HV?$allocator@H@std@@@std@@@0@0PEB_WI@Z 000000018001a690 f i audioIO:audioIO.obj
 0001:00019780       ??$_Cons_val@V?$allocator@H@std@@HAEBH@std@@YAXAEAV?$allocator@H@0@PEAHAEBH@Z 000000018001a780 f i audioIO:audioIO.obj
 0001:000197c0       ??$_Dest_val@V?$allocator@H@std@@H@std@@YAXAEAV?$allocator@H@0@PEAH@Z 000000018001a7c0 f i audioIO:audioIO.obj
 0001:000197f0       ?construct@?$allocator@H@std@@QEAAXPEAHAEBH@Z 000000018001a7f0 f i audioIO:audioIO.obj
 0001:00019820       ?destroy@?$allocator@H@std@@QEAAXPEAH@Z 000000018001a820 f i audioIO:audioIO.obj
 0001:00019840       ??$_Iter_cat@V?$_Vector_const_iterator@V?$_Vector_val@HV?$allocator@H@std@@@std@@@std@@@std@@YA?AUrandom_access_iterator_tag@0@AEBV?$_Vector_const_iterator@V?$_Vector_val@HV?$allocator@H@std@@@std@@@0@@Z 000000018001a840 f i audioIO:audioIO.obj
 0001:00019870       ??$_Debug_range2@V?$_Vector_const_iterator@V?$_Vector_val@HV?$allocator@H@std@@@std@@@std@@@std@@YAXV?$_Vector_const_iterator@V?$_Vector_val@HV?$allocator@H@std@@@std@@@0@0PEB_WIUrandom_access_iterator_tag@0@@Z 000000018001a870 f i audioIO:audioIO.obj
 0001:00019920       ??$forward@AEBH@std@@YAAEBHAEBH@Z 000000018001a920 f i audioIO:audioIO.obj
 0001:00019930       ??$_Construct@HAEBH@std@@YAXPEAHAEBH@Z 000000018001a930 f i audioIO:audioIO.obj
 0001:000199b0       ??$_Destroy@H@std@@YAXPEAH@Z 000000018001a9b0 f i audioIO:audioIO.obj
 0001:000199c0       ??$_Debug_pointer@V?$_Vector_const_iterator@V?$_Vector_val@HV?$allocator@H@std@@@std@@@std@@@std@@YAXAEAV?$_Vector_const_iterator@V?$_Vector_val@HV?$allocator@H@std@@@std@@@0@PEB_WI@Z 000000018001a9c0 f i audioIO:audioIO.obj
 0001:000199d0       ??0RtAudio@@QEAA@W4RtAudioApi@0@@Z 000000018001a9d0 f   audioIO:RtAudio.obj
 0001:00019a00       ??0RtAudio@@QEAA@HHHHKHPEAHHW4RtAudioApi@0@@Z 000000018001aa00 f   audioIO:RtAudio.obj
 0001:00019ae0       ??0RtAudio@@QEAA@HHHHKHPEAH0W4RtAudioApi@0@@Z 000000018001aae0 f   audioIO:RtAudio.obj
 0001:00019bc0       ??1RtAudio@@QEAA@XZ        000000018001abc0 f   audioIO:RtAudio.obj
 0001:00019c20       ?openStream@RtAudio@@QEAAXHHHHKHPEAHH@Z 000000018001ac20 f   audioIO:RtAudio.obj
 0001:00019ca0       ?openStream@RtAudio@@QEAAXHHHHKHPEAH0@Z 000000018001aca0 f   audioIO:RtAudio.obj
 0001:00019d20       ?initialize@RtAudio@@IEAAXW4RtAudioApi@1@@Z 000000018001ad20 f   audioIO:RtAudio.obj
 0001:00019f70       ??0RtApi@@QEAA@XZ          000000018001af70 f   audioIO:RtAudio.obj
 0001:0001a010       ??1RtApi@@UEAA@XZ          000000018001b010 f   audioIO:RtAudio.obj
 0001:0001a080       ?openStream@RtApi@@QEAAXHHHHKHPEAH0@Z 000000018001b080 f   audioIO:RtAudio.obj
 0001:0001a110       ?openStream@RtApi@@QEAAXHHHHKHPEAHH@Z 000000018001b110 f   audioIO:RtAudio.obj
 0001:0001a870       ?getDeviceCount@RtApi@@QEAAHXZ 000000018001b870 f   audioIO:RtAudio.obj
 0001:0001a8a0       ?getStreamState@RtApi@@QEBA?AW4StreamState@1@XZ 000000018001b8a0 f   audioIO:RtAudio.obj
 0001:0001a8c0       ?getDeviceInfo@RtApi@@QEAA?AURtAudioDeviceInfo@@H@Z 000000018001b8c0 f   audioIO:RtAudio.obj
 0001:0001ac90       ?getStreamBuffer@RtApi@@QEAAQEADXZ 000000018001bc90 f   audioIO:RtAudio.obj
 0001:0001acc0       ?getDefaultInputDevice@RtApi@@MEAAHXZ 000000018001bcc0 f   audioIO:RtAudio.obj
 0001:0001acd0       ?getDefaultOutputDevice@RtApi@@MEAAHXZ 000000018001bcd0 f   audioIO:RtAudio.obj
 0001:0001ace0       ?closeStream@RtApi@@UEAAXXZ 000000018001bce0 f   audioIO:RtAudio.obj
 0001:0001acf0       ?probeDeviceInfo@RtApi@@MEAAXPEAURtApiDevice@1@@Z 000000018001bcf0 f   audioIO:RtAudio.obj
 0001:0001ad10       ?probeDeviceOpen@RtApi@@MEAA_NHW4StreamMode@1@HHKPEAHH@Z 000000018001bd10 f   audioIO:RtAudio.obj
 0001:0001ad30       ??0RtApiAsio@@QEAA@XZ      000000018001bd30 f   audioIO:RtAudio.obj
 0001:0001adc0       ??1RtApiAsio@@UEAA@XZ      000000018001bdc0 f   audioIO:RtAudio.obj
 0001:0001ae30       ?initialize@RtApiAsio@@EEAAXXZ 000000018001be30 f   audioIO:RtAudio.obj
 0001:0001b050       ?probeDeviceInfo@RtApiAsio@@EEAAXPEAURtApiDevice@RtApi@@@Z 000000018001c050 f   audioIO:RtAudio.obj
 0001:0001b670       ?bufferSwitch@@YAXJJ@Z     000000018001c670 f   audioIO:RtAudio.obj
 0001:0001b6b0       ?sampleRateChanged@@YAXN@Z 000000018001c6b0 f   audioIO:RtAudio.obj
 0001:0001b720       ?asioMessages@@YAJJJPEAXPEAN@Z 000000018001c720 f   audioIO:RtAudio.obj
 0001:0001b870       ?probeDeviceOpen@RtApiAsio@@EEAA_NHW4StreamMode@RtApi@@HHKPEAHH@Z 000000018001c870 f   audioIO:RtAudio.obj
 0001:0001d0c0       ?closeStream@RtApiAsio@@UEAAXXZ 000000018001e0c0 f   audioIO:RtAudio.obj
 0001:0001d200       ?setStreamCallback@RtApiAsio@@UEAAXP6AHPEADHPEAX@Z1@Z 000000018001e200 f   audioIO:RtAudio.obj
 0001:0001d290       ?cancelStreamCallback@RtApiAsio@@UEAAXXZ 000000018001e290 f   audioIO:RtAudio.obj
 0001:0001d350       ?startStream@RtApiAsio@@UEAAXXZ 000000018001e350 f   audioIO:RtAudio.obj
 0001:0001d450       ?stopStream@RtApiAsio@@UEAAXXZ 000000018001e450 f   audioIO:RtAudio.obj
 0001:0001d530       ?abortStream@RtApiAsio@@UEAAXXZ 000000018001e530 f   audioIO:RtAudio.obj
 0001:0001d560       ?tickStream@RtApiAsio@@UEAAXXZ 000000018001e560 f   audioIO:RtAudio.obj
 0001:0001d630       ?callbackEvent@RtApiAsio@@QEAAXJ@Z 000000018001e630 f   audioIO:RtAudio.obj
 0001:0001dcd0       ?error@RtApi@@IEAAXW4Type@RtError@@@Z 000000018001ecd0 f   audioIO:RtAudio.obj
 0001:0001dde0       ?verifyStream@RtApi@@IEAAXXZ 000000018001ede0 f   audioIO:RtAudio.obj
 0001:0001de30       ?clearDeviceInfo@RtApi@@IEAAXPEAURtApiDevice@1@@Z 000000018001ee30 f   audioIO:RtAudio.obj
 0001:0001ded0       ?clearStreamInfo@RtApi@@IEAAXXZ 000000018001eed0 f   audioIO:RtAudio.obj
 0001:0001dff0       ?formatBytes@RtApi@@IEAAHK@Z 000000018001eff0 f   audioIO:RtAudio.obj
 0001:0001e080       ?convertBuffer@RtApi@@IEAAXPEAD0AEAUConvertInfo@1@@Z 000000018001f080 f   audioIO:RtAudio.obj
 0001:000212f0       ?byteSwapBuffer@RtApi@@IEAAXPEADHK@Z 00000001800222f0 f   audioIO:RtAudio.obj
 0001:00021510       ??1RtError@@UEAA@XZ        0000000180022510 f i audioIO:RtAudio.obj
 0001:00021540       ?printMessage@RtError@@UEAAXXZ 0000000180022540 f i audioIO:RtAudio.obj
 0001:00021590       ?getType@RtError@@UEAAAEBW4Type@1@XZ 0000000180022590 f i audioIO:RtAudio.obj
 0001:000215a0       ?getMessage@RtError@@UEAAAEBV?$basic_string@DU?$char_traits@D@std@@V?$allocator@D@2@@std@@XZ 00000001800225a0 f i audioIO:RtAudio.obj
 0001:000215b0       ?getMessageString@RtError@@UEAAPEBDXZ 00000001800225b0 f i audioIO:RtAudio.obj
 0001:000215d0       ??_ERtError@@UEAAPEAXI@Z   00000001800225d0 f i audioIO:RtAudio.obj
 0001:000215d0       ??_GRtError@@UEAAPEAXI@Z   00000001800225d0 f i audioIO:RtAudio.obj
 0001:00021610       ??0RtError@@QEAA@AEBV0@@Z  0000000180022610 f i audioIO:RtAudio.obj
 0001:00021670       ??0RtError@@QEAA@AEBV?$basic_string@DU?$char_traits@D@std@@V?$allocator@D@2@@std@@W4Type@0@@Z 0000000180022670 f i audioIO:RtAudio.obj
 0001:000216c0       ??0RtApiStream@RtApi@@QEAA@XZ 00000001800226c0 f i audioIO:RtAudio.obj
 0001:00021740       ??0CallbackInfo@@QEAA@XZ   0000000180022740 f i audioIO:RtAudio.obj
 0001:00021790       ??0ConvertInfo@RtApi@@QEAA@XZ 0000000180022790 f i audioIO:RtAudio.obj
 0001:000217d0       ??1ConvertInfo@RtApi@@QEAA@XZ 00000001800227d0 f i audioIO:RtAudio.obj
 0001:00021810       ??_ERtApi@@UEAAPEAXI@Z     0000000180022810 f i audioIO:RtAudio.obj
 0001:00021810       ??_GRtApi@@UEAAPEAXI@Z     0000000180022810 f i audioIO:RtAudio.obj
 0001:00021850       ??1RtApiStream@RtApi@@QEAA@XZ 0000000180022850 f i audioIO:RtAudio.obj
 0001:00021890       ??0RtAudioDeviceInfo@@QEAA@AEBU0@@Z 0000000180022890 f i audioIO:RtAudio.obj
 0001:00021940       ??_ERtApiAsio@@UEAAPEAXI@Z 0000000180022940 f i audioIO:RtAudio.obj
 0001:00021940       ??_GRtApiAsio@@UEAAPEAXI@Z 0000000180022940 f i audioIO:RtAudio.obj
 0001:00021980       ??0RtApiDevice@RtApi@@QEAA@XZ 0000000180022980 f i audioIO:RtAudio.obj
 0001:00021a30       ??1RtApiDevice@RtApi@@QEAA@XZ 0000000180022a30 f i audioIO:RtAudio.obj
 0001:00021a70       ??0?$basic_string@DU?$char_traits@D@std@@V?$allocator@D@2@@std@@QEAA@PEBD@Z 0000000180022a70 f i audioIO:RtAudio.obj
 0001:00021ae0       ?append@?$basic_string@DU?$char_traits@D@std@@V?$allocator@D@2@@std@@QEAAAEAV12@AEBV12@@Z 0000000180022ae0 f i audioIO:RtAudio.obj
 0001:00021b10       ?append@?$basic_string@DU?$char_traits@D@std@@V?$allocator@D@2@@std@@QEAAAEAV12@PEBD_K@Z 0000000180022b10 f i audioIO:RtAudio.obj
 0001:00021c30       ?append@?$basic_string@DU?$char_traits@D@std@@V?$allocator@D@2@@std@@QEAAAEAV12@PEBD@Z 0000000180022c30 f i audioIO:RtAudio.obj
 0001:00021c80       ?length@?$char_traits@D@std@@SA_KPEBD@Z 0000000180022c80 f i audioIO:RtAudio.obj
 0001:00021ca0       ?push_back@?$vector@HV?$allocator@H@std@@@std@@QEAAX$$QEAH@Z 0000000180022ca0 f i audioIO:RtAudio.obj
 0001:00021e00       ??A?$vector@HV?$allocator@H@std@@@std@@QEAAAEAH_K@Z 0000000180022e00 f i audioIO:RtAudio.obj
 0001:00021ec0       ?push_back@?$vector@HV?$allocator@H@std@@@std@@QEAAXAEBH@Z 0000000180022ec0 f i audioIO:RtAudio.obj
 0001:00022010       ??0?$vector@URtApiDevice@RtApi@@V?$allocator@URtApiDevice@RtApi@@@std@@@std@@QEAA@XZ 0000000180023010 f i audioIO:RtAudio.obj
 0001:00022050       ??1?$vector@URtApiDevice@RtApi@@V?$allocator@URtApiDevice@RtApi@@@std@@@std@@QEAA@XZ 0000000180023050 f i audioIO:RtAudio.obj
 0001:00022080       ?size@?$vector@URtApiDevice@RtApi@@V?$allocator@URtApiDevice@RtApi@@@std@@@std@@QEBA_KXZ 0000000180023080 f i audioIO:RtAudio.obj
 0001:000220b0       ??A?$vector@URtApiDevice@RtApi@@V?$allocator@URtApiDevice@RtApi@@@std@@@std@@QEAAAEAURtApiDevice@RtApi@@_K@Z 00000001800230b0 f i audioIO:RtAudio.obj
 0001:00022180       ?push_back@?$vector@URtApiDevice@RtApi@@V?$allocator@URtApiDevice@RtApi@@@std@@@std@@QEAAXAEBURtApiDevice@RtApi@@@Z 0000000180023180 f i audioIO:RtAudio.obj
 0001:000222e0       ?append@?$basic_string@DU?$char_traits@D@std@@V?$allocator@D@2@@std@@QEAAAEAV12@AEBV12@_K1@Z 00000001800232e0 f i audioIO:RtAudio.obj
 0001:000223f0       ?assign@?$basic_string@DU?$char_traits@D@std@@V?$allocator@D@2@@std@@QEAAAEAV12@PEBD@Z 00000001800233f0 f i audioIO:RtAudio.obj
 0001:00022440       ?_Inside@?$basic_string@DU?$char_traits@D@std@@V?$allocator@D@2@@std@@QEAA_NPEBD@Z 0000000180023440 f i audioIO:RtAudio.obj
 0001:00022490       ?_Inside@?$vector@HV?$allocator@H@std@@@std@@IEBA_NPEBH@Z 0000000180023490 f i audioIO:RtAudio.obj
 0001:000224e0       ?_Reserve@?$vector@HV?$allocator@H@std@@@std@@IEAAX_K@Z 00000001800234e0 f i audioIO:RtAudio.obj
 0001:00022570       ?_Inside@?$vector@URtApiDevice@RtApi@@V?$allocator@URtApiDevice@RtApi@@@std@@@std@@IEBA_NPEBURtApiDevice@RtApi@@@Z 0000000180023570 f i audioIO:RtAudio.obj
 0001:000225c0       ?_Reserve@?$vector@URtApiDevice@RtApi@@V?$allocator@URtApiDevice@RtApi@@@std@@@std@@IEAAX_K@Z 00000001800235c0 f i audioIO:RtAudio.obj
 0001:00022650       ?_Tidy@?$vector@URtApiDevice@RtApi@@V?$allocator@URtApiDevice@RtApi@@@std@@@std@@IEAAXXZ 0000000180023650 f i audioIO:RtAudio.obj
 0001:00022700       ?_Orphan_range@?$vector@URtApiDevice@RtApi@@V?$allocator@URtApiDevice@RtApi@@@std@@@std@@IEBAXPEAURtApiDevice@RtApi@@0@Z 0000000180023700 f i audioIO:RtAudio.obj
 0001:000227d0       ??0?$_Vector_val@URtApiDevice@RtApi@@V?$allocator@URtApiDevice@RtApi@@@std@@@std@@QEAA@V?$allocator@URtApiDevice@RtApi@@@1@@Z 00000001800237d0 f i audioIO:RtAudio.obj
 0001:000228a0       ??1?$_Vector_val@URtApiDevice@RtApi@@V?$allocator@URtApiDevice@RtApi@@@std@@@std@@QEAA@XZ 00000001800238a0 f i audioIO:RtAudio.obj
 0001:00022920       ??0?$allocator@URtApiDevice@RtApi@@@std@@QEAA@XZ 0000000180023920 f i audioIO:RtAudio.obj
 0001:00022930       ?assign@?$basic_string@DU?$char_traits@D@std@@V?$allocator@D@2@@std@@QEAAAEAV12@PEBD_K@Z 0000000180023930 f i audioIO:RtAudio.obj
 0001:00022a00       ?reserve@?$vector@HV?$allocator@H@std@@@std@@QEAAX_K@Z 0000000180023a00 f i audioIO:RtAudio.obj
 0001:00022b40       ?_Grow_to@?$vector@HV?$allocator@H@std@@@std@@IEBA_K_K@Z 0000000180023b40 f i audioIO:RtAudio.obj
 0001:00022bf0       ?reserve@?$vector@URtApiDevice@RtApi@@V?$allocator@URtApiDevice@RtApi@@@std@@@std@@QEAAX_K@Z 0000000180023bf0 f i audioIO:RtAudio.obj
 0001:00022d50       ?capacity@?$vector@URtApiDevice@RtApi@@V?$allocator@URtApiDevice@RtApi@@@std@@@std@@QEBA_KXZ 0000000180023d50 f i audioIO:RtAudio.obj
 0001:00022d80       ?max_size@?$vector@URtApiDevice@RtApi@@V?$allocator@URtApiDevice@RtApi@@@std@@@std@@QEBA_KXZ 0000000180023d80 f i audioIO:RtAudio.obj
 0001:00022da0       ?_Destroy@?$vector@URtApiDevice@RtApi@@V?$allocator@URtApiDevice@RtApi@@@std@@@std@@IEAAXPEAURtApiDevice@RtApi@@0@Z 0000000180023da0 f i audioIO:RtAudio.obj
 0001:00022de0       ?_Grow_to@?$vector@URtApiDevice@RtApi@@V?$allocator@URtApiDevice@RtApi@@@std@@@std@@IEBA_K_K@Z 0000000180023de0 f i audioIO:RtAudio.obj
 0001:00022e90       ?_Xlen@?$vector@URtApiDevice@RtApi@@V?$allocator@URtApiDevice@RtApi@@@std@@@std@@IEBAXXZ 0000000180023e90 f i audioIO:RtAudio.obj
 0001:00022eb0       ??0?$allocator@URtApiDevice@RtApi@@@std@@QEAA@AEBV01@@Z 0000000180023eb0 f i audioIO:RtAudio.obj
 0001:00022ec0       ?deallocate@?$allocator@URtApiDevice@RtApi@@@std@@QEAAXPEAURtApiDevice@RtApi@@_K@Z 0000000180023ec0 f i audioIO:RtAudio.obj
 0001:00022ef0       ?allocate@?$allocator@URtApiDevice@RtApi@@@std@@QEAAPEAURtApiDevice@RtApi@@_K@Z 0000000180023ef0 f i audioIO:RtAudio.obj
 0001:00022f10       ?max_size@?$allocator@URtApiDevice@RtApi@@@std@@QEBA_KXZ 0000000180023f10 f i audioIO:RtAudio.obj
 0001:00022f50       ??$?6U?$char_traits@D@std@@@std@@YAAEAV?$basic_ostream@DU?$char_traits@D@std@@@0@AEAV10@D@Z 0000000180023f50 f i audioIO:RtAudio.obj
 0001:00023340       ??0sentry@?$basic_ostream@DU?$char_traits@D@std@@@std@@QEAA@AEAV12@@Z 0000000180024340 f i audioIO:RtAudio.obj
 0001:00023410       ??1sentry@?$basic_ostream@DU?$char_traits@D@std@@@std@@QEAA@XZ 0000000180024410 f i audioIO:RtAudio.obj
 0001:00023450       ??Bsentry@?$basic_ostream@DU?$char_traits@D@std@@@std@@QEBAPEQ_Bool_struct@2@HXZ 0000000180024450 f i audioIO:RtAudio.obj
 0001:00023480       ??0_Sentry_base@?$basic_ostream@DU?$char_traits@D@std@@@std@@QEAA@AEAV12@@Z 0000000180024480 f i audioIO:RtAudio.obj
 0001:00023500       ??1_Sentry_base@?$basic_ostream@DU?$char_traits@D@std@@@std@@QEAA@XZ 0000000180024500 f i audioIO:RtAudio.obj
 0001:00023570       ??$?6DU?$char_traits@D@std@@V?$allocator@D@1@@std@@YAAEAV?$basic_ostream@DU?$char_traits@D@std@@@0@AEAV10@AEBV?$basic_string@DU?$char_traits@D@std@@V?$allocator@D@2@@0@@Z 0000000180024570 f i audioIO:RtAudio.obj
 0001:00023980       ??$?6U?$char_traits@D@std@@@std@@YAAEAV?$basic_ostream@DU?$char_traits@D@std@@@0@AEAV10@PEBD@Z 0000000180024980 f i audioIO:RtAudio.obj
 0001:00023d80       ??$_Debug_pointer@D@std@@YAXPEBDPEB_WI@Z 0000000180024d80 f i audioIO:RtAudio.obj
 0001:00023dc0       ??$addressof@H@std@@YAPEAHAEAH@Z 0000000180024dc0 f i audioIO:RtAudio.obj
 0001:00023dd0       ??$forward@H@std@@YA$$QEAHAEAH@Z 0000000180024dd0 f i audioIO:RtAudio.obj
 0001:00023de0       ??$_Cons_val@V?$allocator@H@std@@HH@std@@YAXAEAV?$allocator@H@0@PEAH$$QEAH@Z 0000000180024de0 f i audioIO:RtAudio.obj
 0001:00023e20       ??$addressof@$$CBH@std@@YAPEBHAEBH@Z 0000000180024e20 f i audioIO:RtAudio.obj
 0001:00023e30       ??$_Cons_val@V?$allocator@H@std@@HAEAH@std@@YAXAEAV?$allocator@H@0@PEAHAEAH@Z 0000000180024e30 f i audioIO:RtAudio.obj
 0001:00023e70       ??$addressof@$$CBURtApiDevice@RtApi@@@std@@YAPEBURtApiDevice@RtApi@@AEBU12@@Z 0000000180024e70 f i audioIO:RtAudio.obj
 0001:00023e80       ??$_Cons_val@V?$allocator@URtApiDevice@RtApi@@@std@@URtApiDevice@RtApi@@AEAU34@@std@@YAXAEAV?$allocator@URtApiDevice@RtApi@@@0@PEAURtApiDevice@RtApi@@AEAU23@@Z 0000000180024e80 f i audioIO:RtAudio.obj
 0001:00023ec0       ??$_Cons_val@V?$allocator@URtApiDevice@RtApi@@@std@@URtApiDevice@RtApi@@AEBU34@@std@@YAXAEAV?$allocator@URtApiDevice@RtApi@@@0@PEAURtApiDevice@RtApi@@AEBU23@@Z 0000000180024ec0 f i audioIO:RtAudio.obj
 0001:00023f00       ??$?0URtApiDevice@RtApi@@@?$allocator@U_Container_proxy@std@@@std@@QEAA@AEBV?$allocator@URtApiDevice@RtApi@@@1@@Z 0000000180024f00 f i audioIO:RtAudio.obj
 0001:00023f10       ??$_Umove@PEAH@?$vector@HV?$allocator@H@std@@@std@@IEAAPEAHPEAH00@Z 0000000180024f10 f i audioIO:RtAudio.obj
 0001:00023f50       ??$_Umove@PEAURtApiDevice@RtApi@@@?$vector@URtApiDevice@RtApi@@V?$allocator@URtApiDevice@RtApi@@@std@@@std@@IEAAPEAURtApiDevice@RtApi@@PEAU23@00@Z 0000000180024f50 f i audioIO:RtAudio.obj
 0001:00023f90       ??$_Destroy_range@V?$allocator@URtApiDevice@RtApi@@@std@@@std@@YAXPEAURtApiDevice@RtApi@@0AEAV?$allocator@URtApiDevice@RtApi@@@0@@Z 0000000180024f90 f i audioIO:RtAudio.obj
 0001:00023fe0       ??$_Allocate@URtApiDevice@RtApi@@@std@@YAPEAURtApiDevice@RtApi@@_KPEAU12@@Z 0000000180024fe0 f i audioIO:RtAudio.obj
 0001:00024070       ?construct@?$allocator@H@std@@QEAAXPEAH$$QEAH@Z 0000000180025070 f i audioIO:RtAudio.obj
 0001:000240e0       ?construct@?$allocator@URtApiDevice@RtApi@@@std@@QEAAXPEAURtApiDevice@RtApi@@AEBU34@@Z 00000001800250e0 f i audioIO:RtAudio.obj
 0001:00024110       ??$forward@AEAH@std@@YAAEAHAEAH@Z 0000000180025110 f i audioIO:RtAudio.obj
 0001:00024120       ??$construct@AEAH@?$allocator@H@std@@QEAAXPEAHAEAH@Z 0000000180025120 f i audioIO:RtAudio.obj
 0001:00024190       ??$forward@AEAURtApiDevice@RtApi@@@std@@YAAEAURtApiDevice@RtApi@@AEAU12@@Z 0000000180025190 f i audioIO:RtAudio.obj
 0001:000241a0       ??$construct@AEAURtApiDevice@RtApi@@@?$allocator@URtApiDevice@RtApi@@@std@@QEAAXPEAURtApiDevice@RtApi@@AEAU23@@Z 00000001800251a0 f i audioIO:RtAudio.obj
 0001:00024210       ??$forward@AEBURtApiDevice@RtApi@@@std@@YAAEBURtApiDevice@RtApi@@AEBU12@@Z 0000000180025210 f i audioIO:RtAudio.obj
 0001:00024220       ??$_Uninitialized_move@PEAHPEAHV?$allocator@H@std@@@std@@YAPEAHPEAH00AEAV?$allocator@H@0@@Z 0000000180025220 f i audioIO:RtAudio.obj
 0001:00024290       ??$_Uninitialized_move@PEAURtApiDevice@RtApi@@PEAU12@V?$allocator@URtApiDevice@RtApi@@@std@@@std@@YAPEAURtApiDevice@RtApi@@PEAU12@00AEAV?$allocator@URtApiDevice@RtApi@@@0@@Z 0000000180025290 f i audioIO:RtAudio.obj
 0001:00024300       ??$_Ptr_cat@URtApiDevice@RtApi@@U12@@std@@YA?AU_Nonscalar_ptr_iterator_tag@0@PEAURtApiDevice@RtApi@@0@Z 0000000180025300 f i audioIO:RtAudio.obj
 0001:00024320       ??$_Destroy_range@V?$allocator@URtApiDevice@RtApi@@@std@@@std@@YAXPEAURtApiDevice@RtApi@@0AEAV?$allocator@URtApiDevice@RtApi@@@0@U_Nonscalar_ptr_iterator_tag@0@@Z 0000000180025320 f i audioIO:RtAudio.obj
 0001:00024370       ??$_Construct@URtApiDevice@RtApi@@AEBU12@@std@@YAXPEAURtApiDevice@RtApi@@AEBU12@@Z 0000000180025370 f i audioIO:RtAudio.obj
 0001:000243f0       ??0RtApiDevice@RtApi@@QEAA@AEBU01@@Z 00000001800253f0 f i audioIO:RtAudio.obj
 0001:00024500       ??$_Val_type@PEAH@std@@YAPEAHPEAH@Z 0000000180025500 f i audioIO:RtAudio.obj
 0001:00024510       ??$_Uninit_move@HHH@std@@YAPEAHPEAH00AEAV?$allocator@H@0@0U_Scalar_ptr_iterator_tag@0@@Z 0000000180025510 f i audioIO:RtAudio.obj
 0001:000245a0       ??$_Val_type@PEAURtApiDevice@RtApi@@@std@@YAPEAURtApiDevice@RtApi@@PEAU12@@Z 00000001800255a0 f i audioIO:RtAudio.obj
 0001:000245b0       ??$_Uninit_move@PEAURtApiDevice@RtApi@@PEAU12@V?$allocator@URtApiDevice@RtApi@@@std@@U12@@std@@YAPEAURtApiDevice@RtApi@@PEAU12@00AEAV?$allocator@URtApiDevice@RtApi@@@0@0U_Nonscalar_ptr_iterator_tag@0@@Z 00000001800255b0 f i audioIO:RtAudio.obj
 0001:00024660       ??$_Dest_val@V?$allocator@URtApiDevice@RtApi@@@std@@URtApiDevice@RtApi@@@std@@YAXAEAV?$allocator@URtApiDevice@RtApi@@@0@PEAURtApiDevice@RtApi@@@Z 0000000180025660 f i audioIO:RtAudio.obj
 0001:00024690       ?destroy@?$allocator@URtApiDevice@RtApi@@@std@@QEAAXPEAURtApiDevice@RtApi@@@Z 0000000180025690 f i audioIO:RtAudio.obj
 0001:000246b0       ??$_Debug_range@PEAURtApiDevice@RtApi@@@std@@YAXPEAURtApiDevice@RtApi@@0PEB_WI@Z 00000001800256b0 f i audioIO:RtAudio.obj
 0001:00024700       ??$_Debug_pointer@URtApiDevice@RtApi@@@std@@YAXPEAURtApiDevice@RtApi@@PEB_WI@Z 0000000180025700 f i audioIO:RtAudio.obj
 0001:00024740       ??$_Cons_val@V?$allocator@URtApiDevice@RtApi@@@std@@URtApiDevice@RtApi@@U34@@std@@YAXAEAV?$allocator@URtApiDevice@RtApi@@@0@PEAURtApiDevice@RtApi@@$$QEAU23@@Z 0000000180025740 f i audioIO:RtAudio.obj
 0001:00024780       ??$_Destroy@URtApiDevice@RtApi@@@std@@YAXPEAURtApiDevice@RtApi@@@Z 0000000180025780 f i audioIO:RtAudio.obj
 0001:000247a0       ??_GRtApiDevice@RtApi@@QEAAPEAXI@Z 00000001800257a0 f i audioIO:RtAudio.obj
 0001:000247e0       ?construct@?$allocator@URtApiDevice@RtApi@@@std@@QEAAXPEAURtApiDevice@RtApi@@$$QEAU34@@Z 00000001800257e0 f i audioIO:RtAudio.obj
 0001:00024850       ??$_Iter_cat@PEAURtApiDevice@RtApi@@@std@@YA?AUrandom_access_iterator_tag@0@AEBQEAURtApiDevice@RtApi@@@Z 0000000180025850 f i audioIO:RtAudio.obj
 0001:00024880       ??$_Debug_range2@PEAURtApiDevice@RtApi@@@std@@YAXPEAURtApiDevice@RtApi@@0PEB_WIUrandom_access_iterator_tag@0@@Z 0000000180025880 f i audioIO:RtAudio.obj
 0001:00024900       ??$forward@URtApiDevice@RtApi@@@std@@YA$$QEAURtApiDevice@RtApi@@AEAU12@@Z 0000000180025900 f i audioIO:RtAudio.obj
 0001:00024910       ?loadAsioDriver@@YA_NPEAD@Z 0000000180025910 f   audioIO:asiodrivers.obj
 0001:000249a0       ?getAsioDrivers@@YA_NXZ    00000001800259a0 f   audioIO:asiodrivers.obj
 0001:00024b70       ??0AsioDrivers@@QEAA@XZ    0000000180025b70 f   audioIO:asiodrivers.obj
 0001:00024ba0       ??1AsioDrivers@@QEAA@XZ    0000000180025ba0 f   audioIO:asiodrivers.obj
 0001:00024bc0       ?getCurrentDriverName@AsioDrivers@@QEAA_NPEAD@Z 0000000180025bc0 f   audioIO:asiodrivers.obj
 0001:00024c30       ?getDriverNames@AsioDrivers@@QEAAJPEAPEADJ@Z 0000000180025c30 f   audioIO:asiodrivers.obj
 0001:00024cd0       ?loadDriver@AsioDrivers@@QEAA_NPEAD@Z 0000000180025cd0 f   audioIO:asiodrivers.obj
 0001:00024e30       ?removeCurrentDriver@AsioDrivers@@QEAAXXZ 0000000180025e30 f   audioIO:asiodrivers.obj
 0001:00024e70       ??_GAsioDrivers@@QEAAPEAXI@Z 0000000180025e70 f i audioIO:asiodrivers.obj
 0001:00024eb0       ??0AsioDriverList@@QEAA@XZ 0000000180025eb0 f   audioIO:asiolist.obj
 0001:00025600       ??1AsioDriverList@@QEAA@XZ 0000000180026600 f   audioIO:asiolist.obj
 0001:000256c0       ?asioGetNumDev@AsioDriverList@@QEAAJXZ 00000001800266c0 f   audioIO:asiolist.obj
 0001:000256e0       ?asioOpenDriver@AsioDriverList@@QEAAJHPEAPEAX@Z 00000001800266e0 f   audioIO:asiolist.obj
 0001:00025800       ?asioCloseDriver@AsioDriverList@@QEAAJH@Z 0000000180026800 f   audioIO:asiolist.obj
 0001:00025890       ?asioGetDriverName@AsioDriverList@@QEAAJHPEADH@Z 0000000180026890 f   audioIO:asiolist.obj
 0001:000259a0       ?asioGetDriverPath@AsioDriverList@@QEAAJHPEADH@Z 00000001800269a0 f   audioIO:asiolist.obj
 0001:00025a40       ?asioGetDriverCLSID@AsioDriverList@@QEAAJHPEAU_GUID@@@Z 0000000180026a40 f   audioIO:asiolist.obj
 0001:00025ac0       ?ASIOInit@@YAJPEAUASIODriverInfo@@@Z 0000000180026ac0 f   audioIO:asio.obj
 0001:00025bd0       ?ASIOExit@@YAJXZ           0000000180026bd0 f   audioIO:asio.obj
 0001:00025c10       ?ASIOStart@@YAJXZ          0000000180026c10 f   audioIO:asio.obj
 0001:00025c50       ?ASIOStop@@YAJXZ           0000000180026c50 f   audioIO:asio.obj
 0001:00025c90       ?ASIOGetChannels@@YAJPEAJ0@Z 0000000180026c90 f   audioIO:asio.obj
 0001:00025cf0       ?ASIOGetLatencies@@YAJPEAJ0@Z 0000000180026cf0 f   audioIO:asio.obj
 0001:00025d50       ?ASIOGetBufferSize@@YAJPEAJ000@Z 0000000180026d50 f   audioIO:asio.obj
 0001:00025de0       ?ASIOCanSampleRate@@YAJN@Z 0000000180026de0 f   audioIO:asio.obj
 0001:00025e20       ?ASIOGetSampleRate@@YAJPEAN@Z 0000000180026e20 f   audioIO:asio.obj
 0001:00025e60       ?ASIOSetSampleRate@@YAJN@Z 0000000180026e60 f   audioIO:asio.obj
 0001:00025ea0       ?ASIOGetClockSources@@YAJPEAUASIOClockSource@@PEAJ@Z 0000000180026ea0 f   audioIO:asio.obj
 0001:00025f00       ?ASIOSetClockSource@@YAJJ@Z 0000000180026f00 f   audioIO:asio.obj
 0001:00025f40       ?ASIOGetSamplePosition@@YAJPEAUASIOSamples@@PEAUASIOTimeStamp@@@Z 0000000180026f40 f   audioIO:asio.obj
 0001:00025f90       ?ASIOGetChannelInfo@@YAJPEAUASIOChannelInfo@@@Z 0000000180026f90 f   audioIO:asio.obj
 0001:00026010       ?ASIOCreateBuffers@@YAJPEAUASIOBufferInfo@@JJPEAUASIOCallbacks@@@Z 0000000180027010 f   audioIO:asio.obj
 0001:000260d0       ?ASIODisposeBuffers@@YAJXZ 00000001800270d0 f   audioIO:asio.obj
 0001:00026110       ?ASIOControlPanel@@YAJXZ   0000000180027110 f   audioIO:asio.obj
 0001:00026150       ?ASIOFuture@@YAJJPEAX@Z    0000000180027150 f   audioIO:asio.obj
 0001:000261a0       ?ASIOOutputReady@@YAJXZ    00000001800271a0 f   audioIO:asio.obj
 0001:000261e0       _RTC_InitBase              00000001800271e0 f   MSVCRTD:_init_.obj
 0001:00026220       _RTC_Shutdown              0000000180027220 f   MSVCRTD:_init_.obj
 0001:00026244       floor                      0000000180027244 f   MSVCRTD:MSVCR100D.dll
 0001:00026250       _onexit                    0000000180027250 f   MSVCRTD:atonexit.obj
 0001:00026310       atexit                     0000000180027310 f   MSVCRTD:atonexit.obj
 0001:00026350       _RTC_CheckStackVars        0000000180027350 f   MSVCRTD:_stack_.obj
 0001:000263e0       _RTC_AllocaHelper          00000001800273e0 f   MSVCRTD:_stack_.obj
 0001:00026420       _RTC_CheckStackVars2       0000000180027420 f   MSVCRTD:_stack_.obj
 0001:00026530       ?_RTC_Failure@@YAXPEAXH@Z  0000000180027530 f   MSVCRTD:_error_.obj
 0001:00026890       ?_RTC_StackFailure@@YAXPEAXPEBD@Z 0000000180027890 f   MSVCRTD:_error_.obj
 0001:000269a0       ?_RTC_AllocaFailure@@YAXPEAXPEAU_RTC_ALLOCA_NODE@@H@Z 00000001800279a0 f   MSVCRTD:_error_.obj
 0001:00026be0       _RTC_UninitUse             0000000180027be0 f   MSVCRTD:_error_.obj
 0001:00026cee       _invalid_parameter         0000000180027cee f   MSVCRTD:MSVCR100D.dll
 0001:00026cf4       _CrtDbgReportW             0000000180027cf4 f   MSVCRTD:MSVCR100D.dll
 0001:00026cfa       __CxxFrameHandler3         0000000180027cfa f   MSVCRTD:MSVCR100D.dll
 0001:00026d00       ??0type_info@@AEAA@AEBV0@@Z 0000000180027d00 f   MSVCRTD:ti_inst.obj
 0001:00026d20       ??_Etype_info@@UEAAPEAXI@Z 0000000180027d20 f i MSVCRTD:ti_inst.obj
 0001:00026db0       ??4type_info@@AEAAAEAV0@AEBV0@@Z 0000000180027db0 f   MSVCRTD:ti_inst.obj
 0001:00026dc0       _lock_file                 0000000180027dc0 f   MSVCRTD:MSVCR100D.dll
 0001:00026dc6       _unlock_file               0000000180027dc6 f   MSVCRTD:MSVCR100D.dll
 0001:00026dd0       __GSHandlerCheck_EH        0000000180027dd0 f   MSVCRTD:gshandlereh.obj
 0001:00026e78       fwrite                     0000000180027e78 f   MSVCRTD:MSVCR100D.dll
 0001:00026e90       __security_check_cookie    0000000180027e90 f   MSVCRTD:amdsecgs.obj
 0001:00026eb0       fputc                      0000000180027eb0 f   MSVCRTD:MSVCR100D.dll
 0001:00026eb6       ungetc                     0000000180027eb6 f   MSVCRTD:MSVCR100D.dll
 0001:00026ebc       memcpy_s                   0000000180027ebc f   MSVCRTD:MSVCR100D.dll
 0001:00026ec2       fgetc                      0000000180027ec2 f   MSVCRTD:MSVCR100D.dll
 0001:00026ec8       fgetpos                    0000000180027ec8 f   MSVCRTD:MSVCR100D.dll
 0001:00026ece       _fseeki64                  0000000180027ece f   MSVCRTD:MSVCR100D.dll
 0001:00026ed4       fsetpos                    0000000180027ed4 f   MSVCRTD:MSVCR100D.dll
 0001:00026eda       setvbuf                    0000000180027eda f   MSVCRTD:MSVCR100D.dll
 0001:00026ee0       fflush                     0000000180027ee0 f   MSVCRTD:MSVCR100D.dll
 0001:00026ee6       ??3@YAXPEAX@Z              0000000180027ee6 f   MSVCRTD:MSVCR100D.dll
 0001:00026eec       memmove                    0000000180027eec f   MSVCRTD:MSVCR100D.dll
 0001:00026ef2       memcpy                     0000000180027ef2 f   MSVCRTD:MSVCR100D.dll
 0001:00026ef8       fclose                     0000000180027ef8 f   MSVCRTD:MSVCR100D.dll
 0001:00026efe       memset                     0000000180027efe f   MSVCRTD:MSVCR100D.dll
 0001:00026f04       _CxxThrowException         0000000180027f04 f   MSVCRTD:MSVCR100D.dll
 0001:00026f0a       free                       0000000180027f0a f   MSVCRTD:MSVCR100D.dll
 0001:00026f10       ??0bad_cast@std@@QEAA@PEBD@Z 0000000180027f10 f   MSVCRTD:MSVCR100D.dll
 0001:00026f16       ??1bad_cast@std@@UEAA@XZ   0000000180027f16 f   MSVCRTD:MSVCR100D.dll
 0001:00026f1c       ??0bad_cast@std@@QEAA@AEBV01@@Z 0000000180027f1c f   MSVCRTD:MSVCR100D.dll
 0001:00026f22       ??0exception@std@@QEAA@AEBV01@@Z 0000000180027f22 f   MSVCRTD:MSVCR100D.dll
 0001:00026f28       ??2@YAPEAX_K@Z             0000000180027f28 f   MSVCRTD:MSVCR100D.dll
 0001:00026f2e       ??0exception@std@@QEAA@AEBQEBD@Z 0000000180027f2e f   MSVCRTD:MSVCR100D.dll
 0001:00026f34       ?what@exception@std@@UEBAPEBDXZ 0000000180027f34 f   MSVCRTD:MSVCR100D.dll
 0001:00026f3a       ??1exception@std@@UEAA@XZ  0000000180027f3a f   MSVCRTD:MSVCR100D.dll
 0001:00026f40       cos                        0000000180027f40 f   MSVCRTD:MSVCR100D.dll
 0001:00026f46       strcmp                     0000000180027f46 f   MSVCRTD:MSVCR100D.dll
 0001:00026f4c       printf                     0000000180027f4c f   MSVCRTD:MSVCR100D.dll
 0001:00026f60       __GSHandlerCheck           0000000180027f60 f   MSVCRTD:gshandler.obj
 0001:00026fa0       __GSHandlerCheckCommon     0000000180027fa0 f   MSVCRTD:gshandler.obj
 0001:00027098       atan2                      0000000180028098 f   MSVCRTD:MSVCR100D.dll
 0001:0002709e       sin                        000000018002809e f   MSVCRTD:MSVCR100D.dll
 0001:000270a4       sqrt                       00000001800280a4 f   MSVCRTD:MSVCR100D.dll
 0001:000270c0       __chkstk                   00000001800280c0 f   MSVCRTD:chkstk.obj
 0001:000270c0       _alloca_probe              00000001800280c0     MSVCRTD:chkstk.obj
 0001:0002710e       pow                        000000018002810e f   MSVCRTD:MSVCR100D.dll
 0001:00027114       fabs                       0000000180028114 f   MSVCRTD:MSVCR100D.dll
 0001:0002711a       exp                        000000018002811a f   MSVCRTD:MSVCR100D.dll
 0001:00027120       log                        0000000180028120 f   MSVCRTD:MSVCR100D.dll
 0001:00027126       atan                       0000000180028126 f   MSVCRTD:MSVCR100D.dll
 0001:000271c0       _CRT_INIT                  00000001800281c0 f   MSVCRTD:crtdll.obj
 0001:00027580       NtCurrentTeb               0000000180028580 f i MSVCRTD:crtdll.obj
 0001:00027590       _DllMainCRTStartup         0000000180028590 f   MSVCRTD:crtdll.obj
 0001:00027742       _purecall                  0000000180028742 f   MSVCRTD:MSVCR100D.dll
 0001:00027750       ??_L@YAXPEAX_KHP6AX0@Z2@Z  0000000180028750 f   MSVCRTD:ehvecctr.obj
 0001:000277e0       ??_M@YAXPEAX_KHP6AX0@Z@Z   00000001800287e0 f   MSVCRTD:ehvecdtr.obj
 0001:00027890       ?__ArrayUnwind@@YAXPEAX_KHP6AX0@Z@Z 0000000180028890 f   MSVCRTD:ehvecdtr.obj
 0001:0002792a       sprintf                    000000018002892a f   MSVCRTD:MSVCR100D.dll
 0001:00027930       strlen                     0000000180028930 f   MSVCRTD:MSVCR100D.dll
 0001:00027936       fprintf                    0000000180028936 f   MSVCRTD:MSVCR100D.dll
 0001:0002793c       __iob_func                 000000018002893c f   MSVCRTD:MSVCR100D.dll
 0001:00027942       malloc                     0000000180028942 f   MSVCRTD:MSVCR100D.dll
 0001:00027948       calloc                     0000000180028948 f   MSVCRTD:MSVCR100D.dll
 0001:0002794e       log10                      000000018002894e f   MSVCRTD:MSVCR100D.dll
 0001:00027954       strcpy                     0000000180028954 f   MSVCRTD:MSVCR100D.dll
 0001:00027960       _RTC_NumErrors             0000000180028960 f   MSVCRTD:_userapi_.obj
 0001:00027970       _RTC_GetErrDesc            0000000180028970 f   MSVCRTD:_userapi_.obj
 0001:00027990       _RTC_SetErrorType          0000000180028990 f   MSVCRTD:_userapi_.obj
 0001:000279b0       _RTC_SetErrorFunc          00000001800289b0 f   MSVCRTD:_userapi_.obj
 0001:000279d0       _RTC_SetErrorFuncW         00000001800289d0 f   MSVCRTD:_userapi_.obj
 0001:000279f0       ?_RTC_GetErrorFunc@@YAP6AHHPEBDH00ZZPEBX@Z 00000001800289f0 f   MSVCRTD:_userapi_.obj
 0001:00027a00       ?_RTC_GetErrorFuncW@@YAP6AHHPEB_WH00ZZPEBX@Z 0000000180028a00 f   MSVCRTD:_userapi_.obj
 0001:00027a08       _CRT_RTC_INITW             0000000180028a08 f   MSVCRTD:MSVCR100D.dll
 0001:00027a0e       __C_specific_handler       0000000180028a0e f   MSVCRTD:MSVCR100D.dll
 0001:00027a14       _unlock                    0000000180028a14 f   MSVCRTD:MSVCR100D.dll
 0001:00027a1a       __dllonexit                0000000180028a1a f   MSVCRTD:MSVCR100D.dll
 0001:00027a20       _lock                      0000000180028a20 f   MSVCRTD:MSVCR100D.dll
 0001:00027a30       ?_RTC_GetSrcLine@@YAHPEAEPEA_WKPEAH1K@Z 0000000180028a30 f   MSVCRTD:_pdblkup_.obj
 0001:000281e0       __report_gsfailure         00000001800291e0 f   MSVCRTD:gs_report.obj
 0001:00028330       __clean_type_info_names    0000000180029330 f   MSVCRTD:tncleanup.obj
 0001:00028350       _RTC_Initialize            0000000180029350 f   MSVCRTD:_initsect_.obj
 0001:00028390       _RTC_Terminate             0000000180029390 f   MSVCRTD:_initsect_.obj
 0001:000283ce       _malloc_dbg                00000001800293ce f   MSVCRTD:MSVCR100D.dll
 0001:000283d4       _free_dbg                  00000001800293d4 f   MSVCRTD:MSVCR100D.dll
 0001:000283da       _encoded_null              00000001800293da f   MSVCRTD:MSVCR100D.dll
 0001:000283e0       _CrtSetCheckCount          00000001800293e0 f   MSVCRTD:MSVCR100D.dll
 0001:000283f0       _ValidateImageBase         00000001800293f0 f   MSVCRTD:pesect.obj
 0001:00028470       _FindPESection             0000000180029470 f   MSVCRTD:pesect.obj
 0001:00028520       _IsNonwritableInCurrentImage 0000000180029520 f   MSVCRTD:pesect.obj
 0001:000285ae       _initterm                  00000001800295ae f   MSVCRTD:MSVCR100D.dll
 0001:000285b4       _initterm_e                00000001800295b4 f   MSVCRTD:MSVCR100D.dll
 0001:000285ba       _amsg_exit                 00000001800295ba f   MSVCRTD:MSVCR100D.dll
 0001:000285c0       __security_init_cookie     00000001800295c0 f   MSVCRTD:gs_support.obj
 0001:000286ce       __CppXcptFilter            00000001800296ce f   MSVCRTD:MSVCR100D.dll
 0001:000286e0       DllMain                    00000001800296e0 f   MSVCRTD:dllmain.obj
 0001:00028718       ?terminate@@YAXXZ          0000000180029718 f   MSVCRTD:MSVCR100D.dll
 0001:0002871e       _wmakepath_s               000000018002971e f   MSVCRTD:MSVCR100D.dll
 0001:00028724       wcscpy_s                   0000000180029724 f   MSVCRTD:MSVCR100D.dll
 0001:0002872a       _wsplitpath_s              000000018002972a f   MSVCRTD:MSVCR100D.dll
 0001:00028730       ??1type_info@@UEAA@XZ      0000000180029730 f   MSVCRTD:MSVCR100D.dll
 0001:00028730       ?_type_info_dtor_internal_method@type_info@@QEAAXXZ 0000000180029730 f   MSVCRTD:MSVCR100D.dll
 0001:00028736       __crt_debugger_hook        0000000180029736 f   MSVCRTD:MSVCR100D.dll
 0001:0002873c       __clean_type_info_names_internal 000000018002973c f   MSVCRTD:MSVCR100D.dll
 0001:00028742       ?write@?$basic_ostream@DU?$char_traits@D@std@@@std@@QEAAAEAV12@PEBD_J@Z 0000000180029742 f   msvcprtd:MSVCP100D.dll
 0001:00028748       ??7ios_base@std@@QEBA_NXZ  0000000180029748 f   msvcprtd:MSVCP100D.dll
 0001:0002874e       ??1?$basic_ios@DU?$char_traits@D@std@@@std@@UEAA@XZ 000000018002974e f   msvcprtd:MSVCP100D.dll
[...]
 0005:00000b28       __imp_RtlCaptureContext    00000001877d0b28     kernel32:KERNEL32.dll
 0005:00000b30       __imp_RtlLookupFunctionEntry 00000001877d0b30     kernel32:KERNEL32.dll
 0005:00000b38       __imp_RtlVirtualUnwind     00000001877d0b38     kernel32:KERNEL32.dll
 0005:00000b40       __imp_SetUnhandledExceptionFilter 00000001877d0b40     kernel32:KERNEL32.dll
 0005:00000b48       __imp_UnhandledExceptionFilter 00000001877d0b48     kernel32:KERNEL32.dll
 0005:00000b50       __imp_GetCurrentProcess    00000001877d0b50     kernel32:KERNEL32.dll
 0005:00000b58       __imp_TerminateProcess     00000001877d0b58     kernel32:KERNEL32.dll
 0005:00000b60       __imp_FreeLibrary          00000001877d0b60     kernel32:KERNEL32.dll
 0005:00000b68       __imp_GetModuleHandleW     00000001877d0b68     kernel32:KERNEL32.dll
 0005:00000b70       __imp_VirtualQuery         00000001877d0b70     kernel32:KERNEL32.dll
 0005:00000b78       __imp_GetModuleFileNameW   00000001877d0b78     kernel32:KERNEL32.dll
 0005:00000b80       __imp_GetProcessHeap       00000001877d0b80     kernel32:KERNEL32.dll
 0005:00000b88       __imp_HeapAlloc            00000001877d0b88     kernel32:KERNEL32.dll
 0005:00000b90       __imp_HeapFree             00000001877d0b90     kernel32:KERNEL32.dll
 0005:00000b98       __imp_Sleep                00000001877d0b98     kernel32:KERNEL32.dll
 0005:00000ba0       __imp_LoadLibraryW         00000001877d0ba0     kernel32:KERNEL32.dll
 0005:00000ba8       __imp_GetTickCount         00000001877d0ba8     kernel32:KERNEL32.dll
 0005:00000bb0       __imp_lstrlenA             00000001877d0bb0     kernel32:KERNEL32.dll
 0005:00000bb8       __imp_RaiseException       00000001877d0bb8     kernel32:KERNEL32.dll
 0005:00000bc0       __imp_IsDebuggerPresent    00000001877d0bc0     kernel32:KERNEL32.dll
 0005:00000bc8       __imp_WideCharToMultiByte  00000001877d0bc8     kernel32:KERNEL32.dll
 0005:00000bd0       __imp_DecodePointer        00000001877d0bd0     kernel32:KERNEL32.dll
 0005:00000bd8       __imp_EncodePointer        00000001877d0bd8     kernel32:KERNEL32.dll
 0005:00000be0       __imp_OpenFile             00000001877d0be0     kernel32:KERNEL32.dll
 0005:00000be8       __imp_MultiByteToWideChar  00000001877d0be8     kernel32:KERNEL32.dll
 0005:00000bf0       __imp_SetEvent             00000001877d0bf0     kernel32:KERNEL32.dll
 0005:00000bf8       __imp_WaitForMultipleObjects 00000001877d0bf8     kernel32:KERNEL32.dll
 0005:00000c00       __imp_ResetEvent           00000001877d0c00     kernel32:KERNEL32.dll
 0005:00000c08       __imp_EnterCriticalSection 00000001877d0c08     kernel32:KERNEL32.dll
 0005:00000c10       __imp_LeaveCriticalSection 00000001877d0c10     kernel32:KERNEL32.dll
 0005:00000c18       __imp_CreateEventA         00000001877d0c18     kernel32:KERNEL32.dll
 0005:00000c20       __imp_CloseHandle          00000001877d0c20     kernel32:KERNEL32.dll
 0005:00000c28       __imp_DeleteCriticalSection 00000001877d0c28     kernel32:KERNEL32.dll
 0005:00000c30       __imp_InitializeCriticalSection 00000001877d0c30     kernel32:KERNEL32.dll
 0005:00000c38       __imp_GetCurrentThreadId   00000001877d0c38     kernel32:KERNEL32.dll
 0005:00000c40       __imp_GetCurrentProcessId  00000001877d0c40     kernel32:KERNEL32.dll
 0005:00000c48       __imp_GetSystemTimeAsFileTime 00000001877d0c48     kernel32:KERNEL32.dll
 0005:00000c50       __imp_DisableThreadLibraryCalls 00000001877d0c50     kernel32:KERNEL32.dll
 0005:00000c58       __imp_GetProcAddress       00000001877d0c58     kernel32:KERNEL32.dll
 0005:00000c60       \177KERNEL32_NULL_THUNK_DATA 00000001877d0c60     kernel32:KERNEL32.dll
 0005:00000cf8       __imp_?_DebugHeapTag_func@std@@YAAEBU_DebugHeapTag_t@1@XZ 00000001877d0cf8     msvcprtd:MSVCP100D.dll
 0005:00000d00       __imp_??2@YAPEAX_KAEBU_DebugHeapTag_t@std@@PEADH@Z 00000001877d0d00     msvcprtd:MSVCP100D.dll
 0005:00000d08       __imp_??3@YAXPEAXAEBU_DebugHeapTag_t@std@@PEADH@Z 00000001877d0d08     msvcprtd:MSVCP100D.dll
 0005:00000d10       __imp_?sputn@?$basic_streambuf@DU?$char_traits@D@std@@@std@@QEAA_JPEBD_J@Z 00000001877d0d10     msvcprtd:MSVCP100D.dll
 0005:00000d18       __imp_?uncaught_exception@std@@YA_NXZ 00000001877d0d18     msvcprtd:MSVCP100D.dll
 0005:00000d20       __imp_?_Osfx@?$basic_ostream@DU?$char_traits@D@std@@@std@@QEAAXXZ 00000001877d0d20     msvcprtd:MSVCP100D.dll
 0005:00000d28       __imp_?good@ios_base@std@@QEBA_NXZ 00000001877d0d28     msvcprtd:MSVCP100D.dll
 0005:00000d30       __imp_?tie@?$basic_ios@DU?$char_traits@D@std@@@std@@QEBAPEAV?$basic_ostream@DU?$char_traits@D@std@@@2@XZ 00000001877d0d30     msvcprtd:MSVCP100D.dll
 0005:00000d38       __imp_?flush@?$basic_ostream@DU?$char_traits@D@std@@@std@@QEAAAEAV12@XZ 00000001877d0d38     msvcprtd:MSVCP100D.dll
 0005:00000d40       __imp_?width@ios_base@std@@QEBA_JXZ 00000001877d0d40     msvcprtd:MSVCP100D.dll
 0005:00000d48       __imp_?flags@ios_base@std@@QEBAHXZ 00000001877d0d48     msvcprtd:MSVCP100D.dll
 0005:00000d50       __imp_?fill@?$basic_ios@DU?$char_traits@D@std@@@std@@QEBADXZ 00000001877d0d50     msvcprtd:MSVCP100D.dll
 0005:00000d58       __imp_?rdbuf@?$basic_ios@DU?$char_traits@D@std@@@std@@QEBAPEAV?$basic_streambuf@DU?$char_traits@D@std@@@2@XZ 00000001877d0d58     msvcprtd:MSVCP100D.dll
 0005:00000d60       __imp_?sputc@?$basic_streambuf@DU?$char_traits@D@std@@@std@@QEAAHD@Z 00000001877d0d60     msvcprtd:MSVCP100D.dll
 0005:00000d68       __imp_?width@ios_base@std@@QEAA_J_J@Z 00000001877d0d68     msvcprtd:MSVCP100D.dll
 0005:00000d70       __imp_?endl@std@@YAAEAV?$basic_ostream@DU?$char_traits@D@std@@@1@AEAV21@@Z 00000001877d0d70     msvcprtd:MSVCP100D.dll
 0005:00000d78       __imp_??6?$basic_ostream@DU?$char_traits@D@std@@@std@@QEAAAEAV01@P6AAEAV01@AEAV01@@Z@Z 00000001877d0d78     msvcprtd:MSVCP100D.dll
 0005:00000d80       __imp_?cerr@std@@3V?$basic_ostream@DU?$char_traits@D@std@@@1@A 00000001877d0d80     msvcprtd:MSVCP100D.dll
 0005:00000d88       __imp_?_Getpfirst@_Container_base12@std@@QEBAPEAPEAU_Iterator_base12@2@XZ 00000001877d0d88     msvcprtd:MSVCP100D.dll
 0005:00000d90       __imp_?_Getgloballocale@locale@std@@CAPEAV_Locimp@12@XZ 00000001877d0d90     msvcprtd:MSVCP100D.dll
 0005:00000d98       __imp_?id@?$codecvt@DDH@std@@2V0locale@2@A 00000001877d0d98     msvcprtd:MSVCP100D.dll
 0005:00000da0       __imp_??Bid@locale@std@@QEAA_KXZ 00000001877d0da0     msvcprtd:MSVCP100D.dll
 0005:00000da8       __imp_?_Getcat@?$codecvt@DDH@std@@SA_KPEAPEBVfacet@locale@2@PEBV42@@Z 00000001877d0da8     msvcprtd:MSVCP100D.dll
 0005:00000db0       __imp_?_Incref@facet@locale@std@@QEAAXXZ 00000001877d0db0     msvcprtd:MSVCP100D.dll
 0005:00000db8       __imp_?_Xout_of_range@std@@YAXPEBD@Z 00000001877d0db8     msvcprtd:MSVCP100D.dll
 0005:00000dc0       __imp_?_Xlength_error@std@@YAXPEBD@Z 00000001877d0dc0     msvcprtd:MSVCP100D.dll
 0005:00000dc8       __imp_?setg@?$basic_streambuf@DU?$char_traits@D@std@@@std@@IEAAXPEAD00@Z 00000001877d0dc8     msvcprtd:MSVCP100D.dll
 0005:00000dd0       __imp_?always_noconv@codecvt_base@std@@QEBA_NXZ 00000001877d0dd0     msvcprtd:MSVCP100D.dll
 0005:00000dd8       __imp_?unshift@?$codecvt@DDH@std@@QEBAHAEAHPEAD1AEAPEAD@Z 00000001877d0dd8     msvcprtd:MSVCP100D.dll
 0005:00000de0       __imp_?_Init@?$basic_streambuf@DU?$char_traits@D@std@@@std@@IEAAXXZ 00000001877d0de0     msvcprtd:MSVCP100D.dll
 0005:00000de8       __imp_?_Init@?$basic_streambuf@DU?$char_traits@D@std@@@std@@IEAAXPEAPEAD0PEAH001@Z 00000001877d0de8     msvcprtd:MSVCP100D.dll
 0005:00000df0       __imp_?write@?$basic_ostream@DU?$char_traits@D@std@@@std@@QEAAAEAV12@PEBD_J@Z 00000001877d0df0     msvcprtd:MSVCP100D.dll
 0005:00000df8       __imp_??7ios_base@std@@QEBA_NXZ 00000001877d0df8     msvcprtd:MSVCP100D.dll
 0005:00000e00       __imp_??1?$basic_ios@DU?$char_traits@D@std@@@std@@UEAA@XZ 00000001877d0e00     msvcprtd:MSVCP100D.dll
 0005:00000e08       __imp_?_Debug_message@std@@YAXPEB_W0I@Z 00000001877d0e08     msvcprtd:MSVCP100D.dll
 0005:00000e10       __imp_??1?$basic_ostream@DU?$char_traits@D@std@@@std@@UEAA@XZ 00000001877d0e10     msvcprtd:MSVCP100D.dll
 0005:00000e18       __imp_?setstate@?$basic_ios@DU?$char_traits@D@std@@@std@@QEAAXH_N@Z 00000001877d0e18     msvcprtd:MSVCP100D.dll
 0005:00000e20       __imp_??0?$basic_ostream@DU?$char_traits@D@std@@@std@@QEAA@PEAV?$basic_streambuf@DU?$char_traits@D@std@@@1@_N@Z 00000001877d0e20     msvcprtd:MSVCP100D.dll
 0005:00000e28       __imp_??0?$basic_ios@DU?$char_traits@D@std@@@std@@IEAA@XZ 00000001877d0e28     msvcprtd:MSVCP100D.dll
 0005:00000e30       __imp_??1?$basic_streambuf@DU?$char_traits@D@std@@@std@@UEAA@XZ 00000001877d0e30     msvcprtd:MSVCP100D.dll
 0005:00000e38       __imp_?showmanyc@?$basic_streambuf@DU?$char_traits@D@std@@@std@@MEAA_JXZ 00000001877d0e38     msvcprtd:MSVCP100D.dll
 0005:00000e40       __imp_?xsgetn@?$basic_streambuf@DU?$char_traits@D@std@@@std@@MEAA_JPEAD_J@Z 00000001877d0e40     msvcprtd:MSVCP100D.dll
 0005:00000e48       __imp_?xsputn@?$basic_streambuf@DU?$char_traits@D@std@@@std@@MEAA_JPEBD_J@Z 00000001877d0e48     msvcprtd:MSVCP100D.dll
 0005:00000e50       __imp_?out@?$codecvt@DDH@std@@QEBAHAEAHPEBD1AEAPEBDPEAD3AEAPEAD@Z 00000001877d0e50     msvcprtd:MSVCP100D.dll
 0005:00000e58       __imp_?_Pninc@?$basic_streambuf@DU?$char_traits@D@std@@@std@@IEAAPEADXZ 00000001877d0e58     msvcprtd:MSVCP100D.dll
 0005:00000e60       __imp_?epptr@?$basic_streambuf@DU?$char_traits@D@std@@@std@@IEBAPEADXZ 00000001877d0e60     msvcprtd:MSVCP100D.dll
 0005:00000e68       __imp_?pptr@?$basic_streambuf@DU?$char_traits@D@std@@@std@@IEBAPEADXZ 00000001877d0e68     msvcprtd:MSVCP100D.dll
 0005:00000e70       __imp_?_Gndec@?$basic_streambuf@DU?$char_traits@D@std@@@std@@IEAAPEADXZ 00000001877d0e70     msvcprtd:MSVCP100D.dll
 0005:00000e78       __imp_?eback@?$basic_streambuf@DU?$char_traits@D@std@@@std@@IEBAPEADXZ 00000001877d0e78     msvcprtd:MSVCP100D.dll
 0005:00000e80       __imp_?gptr@?$basic_streambuf@DU?$char_traits@D@std@@@std@@IEBAPEADXZ 00000001877d0e80     msvcprtd:MSVCP100D.dll
 0005:00000e88       __imp_?egptr@?$basic_streambuf@DU?$char_traits@D@std@@@std@@IEBAPEADXZ 00000001877d0e88     msvcprtd:MSVCP100D.dll
 0005:00000e90       __imp_?in@?$codecvt@DDH@std@@QEBAHAEAHPEBD1AEAPEBDPEAD3AEAPEAD@Z 00000001877d0e90     msvcprtd:MSVCP100D.dll
 0005:00000e98       __imp_?_Gninc@?$basic_streambuf@DU?$char_traits@D@std@@@std@@IEAAPEADXZ 00000001877d0e98     msvcprtd:MSVCP100D.dll
 0005:00000ea0       __imp_?_BADOFF@std@@3_JB   00000001877d0ea0     msvcprtd:MSVCP100D.dll
 0005:00000ea8       __imp_??1?$basic_iostream@DU?$char_traits@D@std@@@std@@UEAA@XZ 00000001877d0ea8     msvcprtd:MSVCP100D.dll
 0005:00000eb0       __imp_??0?$basic_iostream@DU?$char_traits@D@std@@@std@@QEAA@PEAV?$basic_streambuf@DU?$char_traits@D@std@@@1@@Z 00000001877d0eb0     msvcprtd:MSVCP100D.dll
 0005:00000eb8       __imp_??1_Lockit@std@@QEAA@XZ 00000001877d0eb8     msvcprtd:MSVCP100D.dll
 0005:00000ec0       __imp_??0_Lockit@std@@QEAA@H@Z 00000001877d0ec0     msvcprtd:MSVCP100D.dll
 0005:00000ec8       __imp_??1_Container_base12@std@@QEAA@XZ 00000001877d0ec8     msvcprtd:MSVCP100D.dll
 0005:00000ed0       __imp_??0_Container_base12@std@@QEAA@XZ 00000001877d0ed0     msvcprtd:MSVCP100D.dll
 0005:00000ed8       __imp_?_Orphan_all@_Container_base12@std@@QEAAXXZ 00000001877d0ed8     msvcprtd:MSVCP100D.dll
 0005:00000ee0       __imp_??0?$basic_streambuf@DU?$char_traits@D@std@@@std@@IEAA@XZ 00000001877d0ee0     msvcprtd:MSVCP100D.dll
 0005:00000ee8       __imp_?getloc@?$basic_streambuf@DU?$char_traits@D@std@@@std@@QEBA?AVlocale@2@XZ 00000001877d0ee8     msvcprtd:MSVCP100D.dll
 0005:00000ef0       __imp_?_Fiopen@std@@YAPEAU_iobuf@@PEBDHH@Z 00000001877d0ef0     msvcprtd:MSVCP100D.dll
 0005:00000ef8       __imp_?_Decref@facet@locale@std@@QEAAPEAV123@XZ 00000001877d0ef8     msvcprtd:MSVCP100D.dll
 0005:00000f00       \177MSVCP100D_NULL_THUNK_DATA 00000001877d0f00     msvcprtd:MSVCP100D.dll
 0005:00000fc0       __imp___clean_type_info_names_internal 00000001877d0fc0     MSVCRTD:MSVCR100D.dll
 0005:00000fc8       __imp___crt_debugger_hook  00000001877d0fc8     MSVCRTD:MSVCR100D.dll
 0005:00000fd0       __imp_?_type_info_dtor_internal_method@type_info@@QEAAXXZ 00000001877d0fd0     MSVCRTD:MSVCR100D.dll
 0005:00000fd8       __imp__wsplitpath_s        00000001877d0fd8     MSVCRTD:MSVCR100D.dll
 0005:00000fe0       __imp_wcscpy_s             00000001877d0fe0     MSVCRTD:MSVCR100D.dll
 0005:00000fe8       __imp__wmakepath_s         00000001877d0fe8     MSVCRTD:MSVCR100D.dll
 0005:00000ff0       __imp_?terminate@@YAXXZ    00000001877d0ff0     MSVCRTD:MSVCR100D.dll
 0005:00000ff8       __imp___CppXcptFilter      00000001877d0ff8     MSVCRTD:MSVCR100D.dll
 0005:00001000       __imp__amsg_exit           00000001877d1000     MSVCRTD:MSVCR100D.dll
 0005:00001008       __imp__initterm_e          00000001877d1008     MSVCRTD:MSVCR100D.dll
 0005:00001010       __imp__initterm            00000001877d1010     MSVCRTD:MSVCR100D.dll
 0005:00001018       __imp__CrtSetCheckCount    00000001877d1018     MSVCRTD:MSVCR100D.dll
 0005:00001020       __imp__encoded_null        00000001877d1020     MSVCRTD:MSVCR100D.dll
 0005:00001028       __imp__free_dbg            00000001877d1028     MSVCRTD:MSVCR100D.dll
 0005:00001030       __imp__malloc_dbg          00000001877d1030     MSVCRTD:MSVCR100D.dll
 0005:00001038       __imp__onexit              00000001877d1038     MSVCRTD:MSVCR100D.dll
 0005:00001040       __imp__lock                00000001877d1040     MSVCRTD:MSVCR100D.dll
 0005:00001048       __imp___dllonexit          00000001877d1048     MSVCRTD:MSVCR100D.dll
 0005:00001050       __imp__unlock              00000001877d1050     MSVCRTD:MSVCR100D.dll
 0005:00001058       __imp___C_specific_handler 00000001877d1058     MSVCRTD:MSVCR100D.dll
 0005:00001060       __imp__CRT_RTC_INITW       00000001877d1060     MSVCRTD:MSVCR100D.dll
 0005:00001068       __imp_strcpy               00000001877d1068     MSVCRTD:MSVCR100D.dll
 0005:00001070       __imp_log10                00000001877d1070     MSVCRTD:MSVCR100D.dll
 0005:00001078       __imp_calloc               00000001877d1078     MSVCRTD:MSVCR100D.dll
 0005:00001080       __imp_malloc               00000001877d1080     MSVCRTD:MSVCR100D.dll
 0005:00001088       __imp___iob_func           00000001877d1088     MSVCRTD:MSVCR100D.dll
 0005:00001090       __imp_fprintf              00000001877d1090     MSVCRTD:MSVCR100D.dll
 0005:00001098       __imp_strlen               00000001877d1098     MSVCRTD:MSVCR100D.dll
 0005:000010a0       __imp_sprintf              00000001877d10a0     MSVCRTD:MSVCR100D.dll
 0005:000010a8       __imp__purecall            00000001877d10a8     MSVCRTD:MSVCR100D.dll
 0005:000010b0       __imp_atan                 00000001877d10b0     MSVCRTD:MSVCR100D.dll
 0005:000010b8       __imp__lock_file           00000001877d10b8     MSVCRTD:MSVCR100D.dll
 0005:000010c0       __imp__unlock_file         00000001877d10c0     MSVCRTD:MSVCR100D.dll
 0005:000010c8       __imp_fwrite               00000001877d10c8     MSVCRTD:MSVCR100D.dll
 0005:000010d0       __imp_log                  00000001877d10d0     MSVCRTD:MSVCR100D.dll
 0005:000010d8       __imp_exp                  00000001877d10d8     MSVCRTD:MSVCR100D.dll
 0005:000010e0       __imp_fabs                 00000001877d10e0     MSVCRTD:MSVCR100D.dll
 0005:000010e8       __imp_pow                  00000001877d10e8     MSVCRTD:MSVCR100D.dll
 0005:000010f0       __imp_sqrt                 00000001877d10f0     MSVCRTD:MSVCR100D.dll
 0005:000010f8       __imp_sin                  00000001877d10f8     MSVCRTD:MSVCR100D.dll
 0005:00001100       __imp_fputc                00000001877d1100     MSVCRTD:MSVCR100D.dll
 0005:00001108       __imp_floor                00000001877d1108     MSVCRTD:MSVCR100D.dll
 0005:00001110       __imp__invalid_parameter   00000001877d1110     MSVCRTD:MSVCR100D.dll
 0005:00001118       __imp__CrtDbgReportW       00000001877d1118     MSVCRTD:MSVCR100D.dll
 0005:00001120       __imp_ungetc               00000001877d1120     MSVCRTD:MSVCR100D.dll
 0005:00001128       __imp_atan2                00000001877d1128     MSVCRTD:MSVCR100D.dll
 0005:00001130       __imp_printf               00000001877d1130     MSVCRTD:MSVCR100D.dll
 0005:00001138       __imp_strcmp               00000001877d1138     MSVCRTD:MSVCR100D.dll
 0005:00001140       __imp_cos                  00000001877d1140     MSVCRTD:MSVCR100D.dll
 0005:00001148       __imp_??1exception@std@@UEAA@XZ 00000001877d1148     MSVCRTD:MSVCR100D.dll
 0005:00001150       __imp_?what@exception@std@@UEBAPEBDXZ 00000001877d1150     MSVCRTD:MSVCR100D.dll
 0005:00001158       __imp_??0exception@std@@QEAA@AEBQEBD@Z 00000001877d1158     MSVCRTD:MSVCR100D.dll
 0005:00001160       __imp_??2@YAPEAX_K@Z       00000001877d1160     MSVCRTD:MSVCR100D.dll
 0005:00001168       __imp_??0exception@std@@QEAA@AEBV01@@Z 00000001877d1168     MSVCRTD:MSVCR100D.dll
 0005:00001170       __imp_??0bad_cast@std@@QEAA@AEBV01@@Z 00000001877d1170     MSVCRTD:MSVCR100D.dll
 0005:00001178       __imp_??1bad_cast@std@@UEAA@XZ 00000001877d1178     MSVCRTD:MSVCR100D.dll
 0005:00001180       __imp_??0bad_cast@std@@QEAA@PEBD@Z 00000001877d1180     MSVCRTD:MSVCR100D.dll
 0005:00001188       __imp_free                 00000001877d1188     MSVCRTD:MSVCR100D.dll
 0005:00001190       __imp__CxxThrowException   00000001877d1190     MSVCRTD:MSVCR100D.dll
 0005:00001198       __imp_memset               00000001877d1198     MSVCRTD:MSVCR100D.dll
 0005:000011a0       __imp_fclose               00000001877d11a0     MSVCRTD:MSVCR100D.dll
 0005:000011a8       __imp_memcpy               00000001877d11a8     MSVCRTD:MSVCR100D.dll
 0005:000011b0       __imp_memmove              00000001877d11b0     MSVCRTD:MSVCR100D.dll
 0005:000011b8       __imp_??3@YAXPEAX@Z        00000001877d11b8     MSVCRTD:MSVCR100D.dll
 0005:000011c0       __imp_fflush               00000001877d11c0     MSVCRTD:MSVCR100D.dll
 0005:000011c8       __imp_setvbuf              00000001877d11c8     MSVCRTD:MSVCR100D.dll
 0005:000011d0       __imp_fsetpos              00000001877d11d0     MSVCRTD:MSVCR100D.dll
 0005:000011d8       __imp__fseeki64            00000001877d11d8     MSVCRTD:MSVCR100D.dll
 0005:000011e0       __imp_fgetpos              00000001877d11e0     MSVCRTD:MSVCR100D.dll
 0005:000011e8       __imp_fgetc                00000001877d11e8     MSVCRTD:MSVCR100D.dll
 0005:000011f0       __imp_memcpy_s             00000001877d11f0     MSVCRTD:MSVCR100D.dll
 0005:000011f8       __imp___CxxFrameHandler3   00000001877d11f8     MSVCRTD:MSVCR100D.dll
 0005:00001200       \177MSVCR100D_NULL_THUNK_DATA 00000001877d1200     MSVCRTD:MSVCR100D.dll
 0005:000012c8       __imp_CharLowerBuffA       00000001877d12c8     user32:USER32.dll
 0005:000012d0       __imp_GetForegroundWindow  00000001877d12d0     user32:USER32.dll
 0005:000012d8       \177USER32_NULL_THUNK_DATA 00000001877d12d8     user32:USER32.dll
 0005:00001330       __imp_mexPrintf            00000001877d1330     libmex:libmex.dll
 0005:00001338       \177libmex_NULL_THUNK_DATA 00000001877d1338     libmex:libmex.dll
 0005:00001390       __imp_mxCreateDoubleMatrix_730 00000001877d1390     libmx:libmx.dll
 0005:00001398       __imp_mxGetPr              00000001877d1398     libmx:libmx.dll
 0005:000013a0       __imp_mxArrayToString      00000001877d13a0     libmx:libmx.dll
 0005:000013a8       \177libmx_NULL_THUNK_DATA  00000001877d13a8     libmx:libmx.dll
 0005:00001400       __imp_CoCreateInstance     00000001877d1400     ole32:ole32.dll
 0005:00001408       __imp_CoInitialize         00000001877d1408     ole32:ole32.dll
 0005:00001410       __imp_CoUninitialize       00000001877d1410     ole32:ole32.dll
 0005:00001418       __imp_CLSIDFromString      00000001877d1418     ole32:ole32.dll
 0005:00001420       \177ole32_NULL_THUNK_DATA  00000001877d1420     ole32:ole32.dll

 entry point at        0001:00027590

